Archive member included to satisfy reference by file (symbol)

/usr/lib/gcc/arm-none-eabi/10.3.1/thumb/v6-m/nofp/libgcc.a(_dvmd_tls.o)
                              CMakeFiles/hw3.dir/pico-sdk/src/rp2_common/pico_divider/divider.S.obj (__aeabi_idiv0)
/usr/lib/gcc/arm-none-eabi/10.3.1/../../../arm-none-eabi/lib/thumb/v6-m/nofp/libg.a(lib_a-atexit.o)
                              /usr/lib/gcc/arm-none-eabi/10.3.1/../../../arm-none-eabi/lib/thumb/v6-m/nofp/crt0.o (atexit)
/usr/lib/gcc/arm-none-eabi/10.3.1/../../../arm-none-eabi/lib/thumb/v6-m/nofp/libg.a(lib_a-atoi.o)
                              CMakeFiles/hw3.dir/src/hw3.c.obj (atoi)
/usr/lib/gcc/arm-none-eabi/10.3.1/../../../arm-none-eabi/lib/thumb/v6-m/nofp/libg.a(lib_a-calloc.o)
                              CMakeFiles/hw3.dir/pico-sdk/src/rp2_common/pico_malloc/pico_malloc.c.obj (calloc)
/usr/lib/gcc/arm-none-eabi/10.3.1/../../../arm-none-eabi/lib/thumb/v6-m/nofp/libg.a(lib_a-callocr.o)
                              /usr/lib/gcc/arm-none-eabi/10.3.1/../../../arm-none-eabi/lib/thumb/v6-m/nofp/libg.a(lib_a-calloc.o) (_calloc_r)
/usr/lib/gcc/arm-none-eabi/10.3.1/../../../arm-none-eabi/lib/thumb/v6-m/nofp/libg.a(lib_a-fini.o)
                              /usr/lib/gcc/arm-none-eabi/10.3.1/../../../arm-none-eabi/lib/thumb/v6-m/nofp/crt0.o (__libc_fini_array)
/usr/lib/gcc/arm-none-eabi/10.3.1/../../../arm-none-eabi/lib/thumb/v6-m/nofp/libg.a(lib_a-impure.o)
                              /usr/lib/gcc/arm-none-eabi/10.3.1/../../../arm-none-eabi/lib/thumb/v6-m/nofp/libg.a(lib_a-calloc.o) (_impure_ptr)
/usr/lib/gcc/arm-none-eabi/10.3.1/../../../arm-none-eabi/lib/thumb/v6-m/nofp/libg.a(lib_a-init.o)
                              /usr/lib/gcc/arm-none-eabi/10.3.1/../../../arm-none-eabi/lib/thumb/v6-m/nofp/crt0.o (__libc_init_array)
/usr/lib/gcc/arm-none-eabi/10.3.1/../../../arm-none-eabi/lib/thumb/v6-m/nofp/libg.a(lib_a-malloc.o)
                              CMakeFiles/hw3.dir/pico-sdk/src/rp2_common/pico_malloc/pico_malloc.c.obj (malloc)
/usr/lib/gcc/arm-none-eabi/10.3.1/../../../arm-none-eabi/lib/thumb/v6-m/nofp/libg.a(lib_a-mallocr.o)
                              /usr/lib/gcc/arm-none-eabi/10.3.1/../../../arm-none-eabi/lib/thumb/v6-m/nofp/libg.a(lib_a-callocr.o) (_malloc_r)
/usr/lib/gcc/arm-none-eabi/10.3.1/../../../arm-none-eabi/lib/thumb/v6-m/nofp/libg.a(lib_a-mlock.o)
                              /usr/lib/gcc/arm-none-eabi/10.3.1/../../../arm-none-eabi/lib/thumb/v6-m/nofp/libg.a(lib_a-mallocr.o) (__malloc_lock)
/usr/lib/gcc/arm-none-eabi/10.3.1/../../../arm-none-eabi/lib/thumb/v6-m/nofp/libg.a(lib_a-realloc.o)
                              CMakeFiles/hw3.dir/pico-sdk/src/rp2_common/pico_malloc/pico_malloc.c.obj (realloc)
/usr/lib/gcc/arm-none-eabi/10.3.1/../../../arm-none-eabi/lib/thumb/v6-m/nofp/libg.a(lib_a-reallocr.o)
                              /usr/lib/gcc/arm-none-eabi/10.3.1/../../../arm-none-eabi/lib/thumb/v6-m/nofp/libg.a(lib_a-realloc.o) (_realloc_r)
/usr/lib/gcc/arm-none-eabi/10.3.1/../../../arm-none-eabi/lib/thumb/v6-m/nofp/libg.a(lib_a-sbrkr.o)
                              /usr/lib/gcc/arm-none-eabi/10.3.1/../../../arm-none-eabi/lib/thumb/v6-m/nofp/libg.a(lib_a-mallocr.o) (_sbrk_r)
/usr/lib/gcc/arm-none-eabi/10.3.1/../../../arm-none-eabi/lib/thumb/v6-m/nofp/libg.a(lib_a-scanf.o)
                              CMakeFiles/hw3.dir/src/hw3.c.obj (scanf)
/usr/lib/gcc/arm-none-eabi/10.3.1/../../../arm-none-eabi/lib/thumb/v6-m/nofp/libg.a(lib_a-strlen-stub.o)
                              CMakeFiles/hw3.dir/pico-sdk/src/rp2_common/pico_stdio/stdio.c.obj (strlen)
/usr/lib/gcc/arm-none-eabi/10.3.1/../../../arm-none-eabi/lib/thumb/v6-m/nofp/libg.a(lib_a-strtol.o)
                              /usr/lib/gcc/arm-none-eabi/10.3.1/../../../arm-none-eabi/lib/thumb/v6-m/nofp/libg.a(lib_a-atoi.o) (_strtol_r)
/usr/lib/gcc/arm-none-eabi/10.3.1/../../../arm-none-eabi/lib/thumb/v6-m/nofp/libg.a(lib_a-vfscanf.o)
                              /usr/lib/gcc/arm-none-eabi/10.3.1/../../../arm-none-eabi/lib/thumb/v6-m/nofp/libg.a(lib_a-scanf.o) (_vfscanf_r)
/usr/lib/gcc/arm-none-eabi/10.3.1/../../../arm-none-eabi/lib/thumb/v6-m/nofp/libg.a(lib_a-__atexit.o)
                              /usr/lib/gcc/arm-none-eabi/10.3.1/../../../arm-none-eabi/lib/thumb/v6-m/nofp/libg.a(lib_a-atexit.o) (__register_exitproc)
/usr/lib/gcc/arm-none-eabi/10.3.1/../../../arm-none-eabi/lib/thumb/v6-m/nofp/libg.a(lib_a-ctype_.o)
                              /usr/lib/gcc/arm-none-eabi/10.3.1/../../../arm-none-eabi/lib/thumb/v6-m/nofp/libg.a(lib_a-strtol.o) (_ctype_)
/usr/lib/gcc/arm-none-eabi/10.3.1/../../../arm-none-eabi/lib/thumb/v6-m/nofp/libg.a(lib_a-errno.o)
                              /usr/lib/gcc/arm-none-eabi/10.3.1/../../../arm-none-eabi/lib/thumb/v6-m/nofp/libg.a(lib_a-strtol.o) (__errno)
/usr/lib/gcc/arm-none-eabi/10.3.1/../../../arm-none-eabi/lib/thumb/v6-m/nofp/libg.a(lib_a-findfp.o)
[...]
Memory Configuration

Name             Origin             Length             Attributes
FLASH            0x0000000010000000 0x0000000000200000 xr
RAM              0x0000000020000000 0x0000000000040000 xrw
SCRATCH_X        0x0000000020040000 0x0000000000001000 xrw
SCRATCH_Y        0x0000000020041000 0x0000000000001000 xrw
*default*        0x0000000000000000 0xffffffffffffffff

Linker script and memory map

LOAD /usr/lib/gcc/arm-none-eabi/10.3.1/thumb/v6-m/nofp/crti.o
LOAD /usr/lib/gcc/arm-none-eabi/10.3.1/thumb/v6-m/nofp/crtbegin.o
LOAD /usr/lib/gcc/arm-none-eabi/10.3.1/../../../arm-none-eabi/lib/thumb/v6-m/nofp/crt0.o

.flash_begin    0x0000000010000000        0x0
                0x0000000010000000                __flash_binary_start = .

.boot2          0x0000000010000000      0x100
                0x0000000010000000                __boot2_start__ = .
 *(.boot2)
 .boot2         0x0000000010000000      0x100 /tmp/ccvtG8jN.o
                0x0000000010000100                __boot2_end__ = .
                0x0000000000000001                ASSERT (((__boot2_end__ - __boot2_start__) == 0x100), ERROR: Pico second stage bootloader must be 256 bytes in size)

.text           0x0000000010000100     0xca98
                0x0000000010000100                __logical_binary_start = .
 *(.vectors)
 .vectors       0x0000000010000100       0xd4 CMakeFiles/hw3.dir/pico-sdk/src/rp2_common/pico_standard_link/crt0.S.obj
                0x0000000010000100                __vectors
                0x0000000010000100                __VECTOR_TABLE
                0x00000000100001c0                isr_invalid
                0x00000000100001c0                __default_isrs_start
                0x00000000100001c2                isr_nmi
                0x00000000100001c4                isr_hardfault
                0x00000000100001c6                isr_svcall
                0x00000000100001c8                isr_pendsv
                0x00000000100001ca                isr_systick
                0x00000000100001cc                isr_irq30
                0x00000000100001cc                __unhandled_user_irq
                0x00000000100001cc                isr_irq13
                0x00000000100001cc                isr_irq27
                0x00000000100001cc                isr_irq31
                0x00000000100001cc                isr_irq5
                0x00000000100001cc                isr_irq11
                0x00000000100001cc                isr_irq23
                0x00000000100001cc                isr_irq18
                0x00000000100001cc                isr_irq28
                0x00000000100001cc                isr_irq19
                0x00000000100001cc                isr_irq0
                0x00000000100001cc                isr_irq6
                0x00000000100001cc                isr_irq22
                0x00000000100001cc                isr_irq17
                0x00000000100001cc                isr_irq14
                0x00000000100001cc                isr_irq2
                0x00000000100001cc                isr_irq10
                0x00000000100001cc                isr_irq8
                0x00000000100001cc                isr_irq24
                0x00000000100001cc                isr_irq1
                0x00000000100001cc                isr_irq7
                0x00000000100001cc                isr_irq21
                0x00000000100001cc                isr_irq20
                0x00000000100001cc                isr_irq15
                0x00000000100001cc                isr_irq25
                0x00000000100001cc                isr_irq4
                0x00000000100001cc                isr_irq16
                0x00000000100001cc                isr_irq29
                0x00000000100001cc                isr_irq26
                0x00000000100001cc                __default_isrs_end
                0x00000000100001cc                isr_irq3
                0x00000000100001cc                isr_irq12
                0x00000000100001cc                isr_irq9
                0x00000000100001d2                unhandled_user_irq_num_in_r0
 *(.binary_info_header)
 .binary_info_header
                0x00000000100001d4       0x14 CMakeFiles/hw3.dir/pico-sdk/src/rp2_common/pico_standard_link/crt0.S.obj
                0x00000000100001e8                __binary_info_header_end = .
 *(.reset)
 .reset         0x00000000100001e8       0xa0 CMakeFiles/hw3.dir/pico-sdk/src/rp2_common/pico_standard_link/crt0.S.obj
                0x00000000100001e8                _entry_point
 .reset         0x0000000010000288       0x30 CMakeFiles/hw3.dir/pico-sdk/src/rp2_common/pico_standard_link/binary_info.c.obj
 *(.init)
 .init          0x00000000100002b8        0x4 /usr/lib/gcc/arm-none-eabi/10.3.1/thumb/v6-m/nofp/crti.o
                0x00000000100002b8                _init
 *(EXCLUDE_FILE(*libm.a: *libc.a:*lib_a-mem*.o *libgcc.a:) .text*)
 .text          0x00000000100002bc       0x98 /usr/lib/gcc/arm-none-eabi/10.3.1/thumb/v6-m/nofp/crtbegin.o
 .text.printVoltage
                0x0000000010000354       0x6c CMakeFiles/hw3.dir/src/hw3.c.obj
                0x0000000010000354                printVoltage
 .text.main     0x00000000100003c0       0xbc CMakeFiles/hw3.dir/src/hw3.c.obj
                0x00000000100003c0                main
 .text.gpio_set_function
                0x000000001000047c       0x30 CMakeFiles/hw3.dir/pico-sdk/src/rp2_common/hardware_gpio/gpio.c.obj
                0x000000001000047c                gpio_set_function
 .text.gpio_set_pulls
                0x00000000100004ac       0x34 CMakeFiles/hw3.dir/pico-sdk/src/rp2_common/hardware_gpio/gpio.c.obj
                0x00000000100004ac                gpio_set_pulls
 .text.gpio_set_input_enabled
                0x00000000100004e0       0x30 CMakeFiles/hw3.dir/pico-sdk/src/rp2_common/hardware_gpio/gpio.c.obj
                0x00000000100004e0                gpio_set_input_enabled
 .text.gpio_init
                0x0000000010000510       0x16 CMakeFiles/hw3.dir/pico-sdk/src/rp2_common/hardware_gpio/gpio.c.obj
                0x0000000010000510                gpio_init
 *fill*         0x0000000010000526        0x2 
 .text.running_on_fpga
                0x0000000010000528       0x14 CMakeFiles/hw3.dir/pico-sdk/src/rp2_common/pico_platform/platform.c.obj
                0x0000000010000528                running_on_fpga
 .text.hw_claim_lock
                0x000000001000053c       0x18 CMakeFiles/hw3.dir/pico-sdk/src/rp2_common/hardware_claim/claim.c.obj
                0x000000001000053c                hw_claim_lock
 .text.hw_claim_unlock
                0x0000000010000554       0x14 CMakeFiles/hw3.dir/pico-sdk/src/rp2_common/hardware_claim/claim.c.obj
                0x0000000010000554                hw_claim_unlock
 .text.hw_claim_or_assert
                0x0000000010000568       0x32 CMakeFiles/hw3.dir/pico-sdk/src/rp2_common/hardware_claim/claim.c.obj
                0x0000000010000568                hw_claim_or_assert
 .text.hw_claim_unused_from_range
                0x000000001000059a       0x50 CMakeFiles/hw3.dir/pico-sdk/src/rp2_common/hardware_claim/claim.c.obj
                0x000000001000059a                hw_claim_unused_from_range
 *fill*         0x00000000100005ea        0x2 
 .text.spin_locks_reset
                0x00000000100005ec       0x20 CMakeFiles/hw3.dir/pico-sdk/src/rp2_common/hardware_sync/sync.c.obj
                0x00000000100005ec                spin_locks_reset
 .text.next_striped_spin_lock_num
                0x000000001000060c       0x1c CMakeFiles/hw3.dir/pico-sdk/src/rp2_common/hardware_sync/sync.c.obj
                0x000000001000060c                next_striped_spin_lock_num
 .text.spin_lock_claim_unused
                0x0000000010000628       0x20 CMakeFiles/hw3.dir/pico-sdk/src/rp2_common/hardware_sync/sync.c.obj
                0x0000000010000628                spin_lock_claim_unused
 .text.set_raw_irq_handler_and_unlock
                0x0000000010000648       0x28 CMakeFiles/hw3.dir/pico-sdk/src/rp2_common/hardware_irq/irq.c.obj
 .text.make_branch
                0x0000000010000670       0x48 CMakeFiles/hw3.dir/pico-sdk/src/rp2_common/hardware_irq/irq.c.obj
 .text.insert_branch_and_link
                0x00000000100006b8       0x40 CMakeFiles/hw3.dir/pico-sdk/src/rp2_common/hardware_irq/irq.c.obj
 .text.irq_is_enabled
                0x00000000100006f8       0x18 CMakeFiles/hw3.dir/pico-sdk/src/rp2_common/hardware_irq/irq.c.obj
                0x00000000100006f8                irq_is_enabled
 .text.irq_set_mask_enabled
                0x0000000010000710       0x20 CMakeFiles/hw3.dir/pico-sdk/src/rp2_common/hardware_irq/irq.c.obj
                0x0000000010000710                irq_set_mask_enabled
 .text.irq_set_enabled
                0x0000000010000730        0xe CMakeFiles/hw3.dir/pico-sdk/src/rp2_common/hardware_irq/irq.c.obj
                0x0000000010000730                irq_set_enabled
 *fill*         0x000000001000073e        0x2 
 .text.irq_set_pending
                0x0000000010000740       0x10 CMakeFiles/hw3.dir/pico-sdk/src/rp2_common/hardware_irq/irq.c.obj
                0x0000000010000740                irq_set_pending
 .text.irq_get_vtable_handler
                0x0000000010000750       0x10 CMakeFiles/hw3.dir/pico-sdk/src/rp2_common/hardware_irq/irq.c.obj
                0x0000000010000750                irq_get_vtable_handler
 .text.irq_has_shared_handler
                0x0000000010000760       0x24 CMakeFiles/hw3.dir/pico-sdk/src/rp2_common/hardware_irq/irq.c.obj
                0x0000000010000760                irq_has_shared_handler
 .text.irq_set_exclusive_handler
                0x0000000010000784       0x54 CMakeFiles/hw3.dir/pico-sdk/src/rp2_common/hardware_irq/irq.c.obj
                0x0000000010000784                irq_set_exclusive_handler
 .text.irq_add_shared_handler
                0x00000000100007d8      0x234 CMakeFiles/hw3.dir/pico-sdk/src/rp2_common/hardware_irq/irq.c.obj
                0x00000000100007d8                irq_add_shared_handler
 .text.irq_remove_handler
                0x0000000010000a0c      0x1ac CMakeFiles/hw3.dir/pico-sdk/src/rp2_common/hardware_irq/irq.c.obj
                0x0000000010000a0c                irq_remove_handler
 .text.irq_add_tail_to_free_list
                0x0000000010000bb8       0xf0 CMakeFiles/hw3.dir/pico-sdk/src/rp2_common/hardware_irq/irq.c.obj
                0x0000000010000bb8                irq_add_tail_to_free_list
 .text.irq_init_priorities
                0x0000000010000ca8       0x1c CMakeFiles/hw3.dir/pico-sdk/src/rp2_common/hardware_irq/irq.c.obj
                0x0000000010000ca8                irq_init_priorities
 .text.user_irq_claim_unused
                0x0000000010000cc4       0x28 CMakeFiles/hw3.dir/pico-sdk/src/rp2_common/hardware_irq/irq.c.obj
                0x0000000010000cc4                user_irq_claim_unused
 .text.lock_init
                0x0000000010000cec       0x10 CMakeFiles/hw3.dir/pico-sdk/src/common/pico_sync/lock_core.c.obj
                0x0000000010000cec                lock_init
 .text.mutex_init
                0x0000000010000cfc       0x1a CMakeFiles/hw3.dir/pico-sdk/src/common/pico_sync/mutex.c.obj
                0x0000000010000cfc                mutex_init
 .text.recursive_mutex_init
                0x0000000010000d16       0x1e CMakeFiles/hw3.dir/pico-sdk/src/common/pico_sync/mutex.c.obj
                0x0000000010000d16                recursive_mutex_init
 .text.critical_section_init_with_lock_num
                0x0000000010000d34       0x14 CMakeFiles/hw3.dir/pico-sdk/src/common/pico_sync/critical_section.c.obj
                0x0000000010000d34                critical_section_init_with_lock_num
 .text.critical_section_init
                0x0000000010000d48       0x14 CMakeFiles/hw3.dir/pico-sdk/src/common/pico_sync/critical_section.c.obj
                0x0000000010000d48                critical_section_init
 .text.alarm_pool_post_alloc_init
                0x0000000010000d5c       0x40 CMakeFiles/hw3.dir/pico-sdk/src/common/pico_time/time.c.obj
 .text.sleep_until_callback
                0x0000000010000d9c       0x30 CMakeFiles/hw3.dir/pico-sdk/src/common/pico_time/time.c.obj
 .text.timer_pool_entry_comparator
                0x0000000010000dcc       0x7c CMakeFiles/hw3.dir/pico-sdk/src/common/pico_time/time.c.obj
                0x0000000010000dcc                timer_pool_entry_comparator
 .text.ph_add_child_node
                0x0000000010000e48       0xa4 CMakeFiles/hw3.dir/pico-sdk/src/common/pico_time/time.c.obj
 .text.ph_merge_nodes
                0x0000000010000eec       0x3e CMakeFiles/hw3.dir/pico-sdk/src/common/pico_time/time.c.obj
 *fill*         0x0000000010000f2a        0x2 
 .text.add_alarm_under_lock
                0x0000000010000f2c      0x174 CMakeFiles/hw3.dir/pico-sdk/src/common/pico_time/time.c.obj
 .text.alarm_pool_alarm_callback
                0x00000000100010a0      0x33c CMakeFiles/hw3.dir/pico-sdk/src/common/pico_time/time.c.obj
 .text.alarm_pool_init_default
                0x00000000100013dc       0x40 CMakeFiles/hw3.dir/pico-sdk/src/common/pico_time/time.c.obj
                0x00000000100013dc                alarm_pool_init_default
 .text.alarm_pool_get_default
                0x000000001000141c       0x2c CMakeFiles/hw3.dir/pico-sdk/src/common/pico_time/time.c.obj
                0x000000001000141c                alarm_pool_get_default
 .text.alarm_pool_add_alarm_at
                0x0000000010001448      0x168 CMakeFiles/hw3.dir/pico-sdk/src/common/pico_time/time.c.obj
                0x0000000010001448                alarm_pool_add_alarm_at
 .text.alarm_pool_cancel_alarm
                0x00000000100015b0       0xf8 CMakeFiles/hw3.dir/pico-sdk/src/common/pico_time/time.c.obj
                0x00000000100015b0                alarm_pool_cancel_alarm
 .text.alarm_pool_core_num
                0x00000000100016a8        0x4 CMakeFiles/hw3.dir/pico-sdk/src/common/pico_time/time.c.obj
                0x00000000100016a8                alarm_pool_core_num
 .text.sleep_until
                0x00000000100016ac       0xfc CMakeFiles/hw3.dir/pico-sdk/src/common/pico_time/time.c.obj
                0x00000000100016ac                sleep_until
 .text.sleep_us
                0x00000000100017a8       0x58 CMakeFiles/hw3.dir/pico-sdk/src/common/pico_time/time.c.obj
                0x00000000100017a8                sleep_us
 .text.sleep_ms
                0x0000000010001800       0x14 CMakeFiles/hw3.dir/pico-sdk/src/common/pico_time/time.c.obj
                0x0000000010001800                sleep_ms
 .text.best_effort_wfe_or_timeout
                0x0000000010001814       0xac CMakeFiles/hw3.dir/pico-sdk/src/common/pico_time/time.c.obj
                0x0000000010001814                best_effort_wfe_or_timeout
 .text.hardware_alarm_irq_handler
                0x00000000100018c0       0x90 CMakeFiles/hw3.dir/pico-sdk/src/rp2_common/hardware_timer/timer.c.obj
 .text.hardware_alarm_claim
                0x0000000010001950       0x18 CMakeFiles/hw3.dir/pico-sdk/src/rp2_common/hardware_timer/timer.c.obj
                0x0000000010001950                hardware_alarm_claim
 .text.time_us_64
                0x0000000010001968       0x18 CMakeFiles/hw3.dir/pico-sdk/src/rp2_common/hardware_timer/timer.c.obj
                0x0000000010001968                time_us_64
 .text.busy_wait_until
                0x0000000010001980       0x28 CMakeFiles/hw3.dir/pico-sdk/src/rp2_common/hardware_timer/timer.c.obj
                0x0000000010001980                busy_wait_until
 .text.busy_wait_us
                0x00000000100019a8       0x48 CMakeFiles/hw3.dir/pico-sdk/src/rp2_common/hardware_timer/timer.c.obj
                0x00000000100019a8                busy_wait_us
 .text.hardware_alarm_set_callback
                0x00000000100019f0       0x90 CMakeFiles/hw3.dir/pico-sdk/src/rp2_common/hardware_timer/timer.c.obj
                0x00000000100019f0                hardware_alarm_set_callback
 .text.hardware_alarm_set_target
                0x0000000010001a80       0xe8 CMakeFiles/hw3.dir/pico-sdk/src/rp2_common/hardware_timer/timer.c.obj
                0x0000000010001a80                hardware_alarm_set_target
 .text.hardware_alarm_cancel
                0x0000000010001b68       0x40 CMakeFiles/hw3.dir/pico-sdk/src/rp2_common/hardware_timer/timer.c.obj
                0x0000000010001b68                hardware_alarm_cancel
 .text.ph_add_child_node
                0x0000000010001ba8       0xa4 CMakeFiles/hw3.dir/pico-sdk/src/common/pico_util/pheap.c.obj
 .text.ph_merge_nodes
                0x0000000010001c4c       0x3e CMakeFiles/hw3.dir/pico-sdk/src/common/pico_util/pheap.c.obj
 *fill*         0x0000000010001c8a        0x2 
 .text.ph_clear
                0x0000000010001c8c       0x70 CMakeFiles/hw3.dir/pico-sdk/src/common/pico_util/pheap.c.obj
                0x0000000010001c8c                ph_clear
 .text.ph_post_alloc_init
                0x0000000010001cfc        0xe CMakeFiles/hw3.dir/pico-sdk/src/common/pico_util/pheap.c.obj
                0x0000000010001cfc                ph_post_alloc_init
 *fill*         0x0000000010001d0a        0x2 
 .text.ph_merge_two_pass
                0x0000000010001d0c       0xa8 CMakeFiles/hw3.dir/pico-sdk/src/common/pico_util/pheap.c.obj
                0x0000000010001d0c                ph_merge_two_pass
 .text.ph_remove_any_head
                0x0000000010001db4      0x128 CMakeFiles/hw3.dir/pico-sdk/src/common/pico_util/pheap.c.obj
 .text.ph_remove_head
                0x0000000010001edc       0x14 CMakeFiles/hw3.dir/pico-sdk/src/common/pico_util/pheap.c.obj
                0x0000000010001edc                ph_remove_head
 .text.ph_remove_and_free_node
                0x0000000010001ef0       0xf8 CMakeFiles/hw3.dir/pico-sdk/src/common/pico_util/pheap.c.obj
                0x0000000010001ef0                ph_remove_and_free_node
 .text.clock_configure
                0x0000000010001fe8      0x108 CMakeFiles/hw3.dir/pico-sdk/src/rp2_common/hardware_clocks/clocks.c.obj
                0x0000000010001fe8                clock_configure
 .text.clocks_init
                0x00000000100020f0      0x100 CMakeFiles/hw3.dir/pico-sdk/src/rp2_common/hardware_clocks/clocks.c.obj
                0x00000000100020f0                clocks_init
 .text.pll_init
                0x00000000100021f0      0x120 CMakeFiles/hw3.dir/pico-sdk/src/rp2_common/hardware_pll/pll.c.obj
                0x00000000100021f0                pll_init
 .text.watchdog_start_tick
                0x0000000010002310       0x10 CMakeFiles/hw3.dir/pico-sdk/src/rp2_common/hardware_watchdog/watchdog.c.obj
                0x0000000010002310                watchdog_start_tick
 .text.watchdog_update
                0x0000000010002320       0x14 CMakeFiles/hw3.dir/pico-sdk/src/rp2_common/hardware_watchdog/watchdog.c.obj
                0x0000000010002320                watchdog_update
 .text._watchdog_enable
                0x0000000010002334       0x78 CMakeFiles/hw3.dir/pico-sdk/src/rp2_common/hardware_watchdog/watchdog.c.obj
                0x0000000010002334                _watchdog_enable
 .text.watchdog_reboot
                0x00000000100023ac       0x48 CMakeFiles/hw3.dir/pico-sdk/src/rp2_common/hardware_watchdog/watchdog.c.obj
                0x00000000100023ac                watchdog_reboot
 .text.xosc_init
                0x00000000100023f4       0x28 CMakeFiles/hw3.dir/pico-sdk/src/rp2_common/hardware_xosc/xosc.c.obj
                0x00000000100023f4                xosc_init
 .text._exit    0x000000001000241c        0x4 CMakeFiles/hw3.dir/pico-sdk/src/rp2_common/pico_runtime/runtime.c.obj
                0x000000001000241c                _exit
 .text._sbrk    0x0000000010002420       0x38 CMakeFiles/hw3.dir/pico-sdk/src/rp2_common/pico_runtime/runtime.c.obj
                0x0000000010002420                _sbrk
 .text.exit     0x0000000010002458        0x6 CMakeFiles/hw3.dir/pico-sdk/src/rp2_common/pico_runtime/runtime.c.obj
                0x0000000010002458                exit
 *fill*         0x000000001000245e        0x2 
 .text.__assert_func
                0x0000000010002460       0x3c CMakeFiles/hw3.dir/pico-sdk/src/rp2_common/pico_runtime/runtime.c.obj
                0x0000000010002460                __assert_func
 .text.runtime_init
                0x000000001000249c       0xf8 CMakeFiles/hw3.dir/pico-sdk/src/rp2_common/pico_runtime/runtime.c.obj
                0x000000001000249c                runtime_init
 .text.panic    0x0000000010002594       0x30 CMakeFiles/hw3.dir/pico-sdk/src/rp2_common/pico_runtime/runtime.c.obj
                0x0000000010002594                panic
 .text._out_buffer
                0x00000000100025c4        0x8 CMakeFiles/hw3.dir/pico-sdk/src/rp2_common/pico_printf/printf.c.obj
 .text._out_null
                0x00000000100025cc        0x2 CMakeFiles/hw3.dir/pico-sdk/src/rp2_common/pico_printf/printf.c.obj
 .text._out_fct
                0x00000000100025ce        0xe CMakeFiles/hw3.dir/pico-sdk/src/rp2_common/pico_printf/printf.c.obj
 .text._atoi    0x00000000100025dc       0x24 CMakeFiles/hw3.dir/pico-sdk/src/rp2_common/pico_printf/printf.c.obj
 .text._out_rev
                0x0000000010002600       0xae CMakeFiles/hw3.dir/pico-sdk/src/rp2_common/pico_printf/printf.c.obj
 .text._ntoa_format
                0x00000000100026ae      0x112 CMakeFiles/hw3.dir/pico-sdk/src/rp2_common/pico_printf/printf.c.obj
 .text._ntoa_long
                0x00000000100027c0       0xbc CMakeFiles/hw3.dir/pico-sdk/src/rp2_common/pico_printf/printf.c.obj
 .text._ntoa_long_long
                0x000000001000287c       0xe2 CMakeFiles/hw3.dir/pico-sdk/src/rp2_common/pico_printf/printf.c.obj
 *fill*         0x000000001000295e        0x2 
 .text._etoa    0x0000000010002960      0x414 CMakeFiles/hw3.dir/pico-sdk/src/rp2_common/pico_printf/printf.c.obj
 .text._ftoa    0x0000000010002d74      0x354 CMakeFiles/hw3.dir/pico-sdk/src/rp2_common/pico_printf/printf.c.obj
 .text._vsnprintf
                0x00000000100030c8      0x624 CMakeFiles/hw3.dir/pico-sdk/src/rp2_common/pico_printf/printf.c.obj
 .text.__wrap_sprintf
                0x00000000100036ec       0x28 CMakeFiles/hw3.dir/pico-sdk/src/rp2_common/pico_printf/printf.c.obj
                0x00000000100036ec                __wrap_sprintf
 .text.vfctprintf
                0x0000000010003714       0x20 CMakeFiles/hw3.dir/pico-sdk/src/rp2_common/pico_printf/printf.c.obj
                0x0000000010003714                vfctprintf
 .text          0x0000000010003734       0x10 CMakeFiles/hw3.dir/pico-sdk/src/rp2_common/pico_bit_ops/bit_ops_aeabi.S.obj
 .text.rom_func_lookup
                0x0000000010003744       0x10 CMakeFiles/hw3.dir/pico-sdk/src/rp2_common/pico_bootrom/bootrom.c.obj
                0x0000000010003744                rom_func_lookup
 .text.rom_data_lookup
                0x0000000010003754       0x10 CMakeFiles/hw3.dir/pico-sdk/src/rp2_common/pico_bootrom/bootrom.c.obj
                0x0000000010003754                rom_data_lookup
 .text.rom_funcs_lookup
                0x0000000010003764       0x36 CMakeFiles/hw3.dir/pico-sdk/src/rp2_common/pico_bootrom/bootrom.c.obj
                0x0000000010003764                rom_funcs_lookup
 *fill*         0x000000001000379a        0x2 
 .text.__wrap___aeabi_idiv
                0x000000001000379c       0x50 CMakeFiles/hw3.dir/pico-sdk/src/rp2_common/pico_divider/divider.S.obj
                0x000000001000379c                __wrap___aeabi_idivmod
                0x000000001000379c                divmod_s32s32
                0x000000001000379c                div_s32s32
                0x000000001000379c                __wrap___aeabi_idiv
                0x00000000100037a4                divmod_s32s32_unsafe
                0x00000000100037d0                divmod_s32s32_savestate
 .text.__wrap___aeabi_uidiv
                0x00000000100037ec       0x4c CMakeFiles/hw3.dir/pico-sdk/src/rp2_common/pico_divider/divider.S.obj
                0x00000000100037ec                __wrap___aeabi_uidiv
                0x00000000100037ec                __wrap___aeabi_uidivmod
                0x00000000100037ec                div_u32u32
                0x00000000100037ec                divmod_u32u32
                0x00000000100037f4                divmod_u32u32_unsafe
                0x000000001000381c                divmod_u32u32_savestate
 .text.__wrap___aeabi_ldiv
                0x0000000010003838      0x424 CMakeFiles/hw3.dir/pico-sdk/src/rp2_common/pico_divider/divider.S.obj
                0x0000000010003838                div_s64s64
                0x0000000010003838                divmod_s64s64
                0x0000000010003838                __wrap___aeabi_ldivmod
                0x0000000010003868                div_u64u64
                0x0000000010003868                divmod_u64u64
                0x0000000010003868                __wrap___aeabi_uldivmod
                0x0000000010003878                divmod_u64u64_savestate
                0x0000000010003898                divmod_s64s64_unsafe
                0x0000000010003920                divmod_u64u64_unsafe
 .text.__wrap___aeabi_darithmetic
                0x0000000010003c5c       0x80 CMakeFiles/hw3.dir/pico-sdk/src/rp2_common/pico_double/double_aeabi.S.obj
                0x0000000010003c5c                __wrap___aeabi_drsub
                0x0000000010003c62                __wrap___aeabi_dsub
                0x0000000010003c74                __wrap___aeabi_dadd
                0x0000000010003c86                __wrap___aeabi_ddiv
                0x0000000010003cc2                __wrap___aeabi_dmul
 .text.__wrap___aeabi_cdcmple
                0x0000000010003cdc       0x6c CMakeFiles/hw3.dir/pico-sdk/src/rp2_common/pico_double/double_aeabi.S.obj
                0x0000000010003cdc                __wrap___aeabi_cdrcmple
                0x0000000010003cec                __wrap___aeabi_cdcmple
                0x0000000010003cec                __wrap___aeabi_cdcmpeq
 .text.__wrap___aeabi_dcmpeq
                0x0000000010003d48       0x10 CMakeFiles/hw3.dir/pico-sdk/src/rp2_common/pico_double/double_aeabi.S.obj
                0x0000000010003d48                __wrap___aeabi_dcmpeq
 .text.__wrap___aeabi_dcmplt
                0x0000000010003d58        0xc CMakeFiles/hw3.dir/pico-sdk/src/rp2_common/pico_double/double_aeabi.S.obj
                0x0000000010003d58                __wrap___aeabi_dcmplt
 .text.__wrap___aeabi_dcmple
                0x0000000010003d64       0x10 CMakeFiles/hw3.dir/pico-sdk/src/rp2_common/pico_double/double_aeabi.S.obj
                0x0000000010003d64                __wrap___aeabi_dcmple
 .text.__wrap___aeabi_dcmpge
                0x0000000010003d74       0x10 CMakeFiles/hw3.dir/pico-sdk/src/rp2_common/pico_double/double_aeabi.S.obj
                0x0000000010003d74                __wrap___aeabi_dcmpge
 .text.__wrap___aeabi_dcmpgt
                0x0000000010003d84        0xa CMakeFiles/hw3.dir/pico-sdk/src/rp2_common/pico_double/double_aeabi.S.obj
                0x0000000010003d84                __wrap___aeabi_dcmpgt
 .text.__wrap___aeabi_dcmpun
                0x0000000010003d8e       0x1c CMakeFiles/hw3.dir/pico-sdk/src/rp2_common/pico_double/double_aeabi.S.obj
                0x0000000010003d8e                __wrap___aeabi_dcmpun
 *fill*         0x0000000010003daa        0x2 
 .text.__wrap___aeabi_i2d
                0x0000000010003dac       0x38 CMakeFiles/hw3.dir/pico-sdk/src/rp2_common/pico_double/double_aeabi.S.obj
                0x0000000010003dac                __wrap___aeabi_ui2d
                0x0000000010003db4                __wrap___aeabi_i2d
 .text.__wrap___aeabi_d2iz
                0x0000000010003de4       0x48 CMakeFiles/hw3.dir/pico-sdk/src/rp2_common/pico_double/double_aeabi.S.obj
                0x0000000010003de4                __wrap___aeabi_d2iz
                0x0000000010003de4                double2int_z
 .text.__wrap___aeabi_d2uiz
                0x0000000010003e2c       0x18 CMakeFiles/hw3.dir/pico-sdk/src/rp2_common/pico_double/double_aeabi.S.obj
                0x0000000010003e2c                double2uint
                0x0000000010003e2c                __wrap___aeabi_d2uiz
 .text.__wrap___aeabi_l2d
                0x0000000010003e44       0x18 CMakeFiles/hw3.dir/pico-sdk/src/rp2_common/pico_double/double_aeabi.S.obj
                0x0000000010003e44                __wrap___aeabi_l2d
 .text.__wrap___aeabi_d2lz
                0x0000000010003e5c       0x26 CMakeFiles/hw3.dir/pico-sdk/src/rp2_common/pico_double/double_aeabi.S.obj
                0x0000000010003e5c                __wrap___aeabi_d2lz
                0x0000000010003e5c                double2int64_z
 *fill*         0x0000000010003e82        0x2 
 .text.double2int64
                0x0000000010003e84       0x18 CMakeFiles/hw3.dir/pico-sdk/src/rp2_common/pico_double/double_aeabi.S.obj
                0x0000000010003e84                double2int64
 .text.double2ufix64
                0x0000000010003e9c       0x18 CMakeFiles/hw3.dir/pico-sdk/src/rp2_common/pico_double/double_aeabi.S.obj
                0x0000000010003e9c                double2ufix64
 .text.__wrap___aeabi_d2f
                0x0000000010003eb4       0x18 CMakeFiles/hw3.dir/pico-sdk/src/rp2_common/pico_double/double_aeabi.S.obj
                0x0000000010003eb4                __wrap___aeabi_d2f
 .text.__aeabi_double_init
                0x0000000010003ecc       0xc8 CMakeFiles/hw3.dir/pico-sdk/src/rp2_common/pico_double/double_init_rom.c.obj
                0x0000000010003ecc                __aeabi_double_init
 .text.double_table_shim_on_use_helper
                0x0000000010003f94       0x34 CMakeFiles/hw3.dir/pico-sdk/src/rp2_common/pico_double/double_v1_rom_shim.S.obj
                0x0000000010003f94                double_table_shim_on_use_helper
 .text.__wrap___aeabi_dsub
                0x0000000010003fc8       0x10 CMakeFiles/hw3.dir/pico-sdk/src/rp2_common/pico_double/double_v1_rom_shim.S.obj
                0x0000000010003fc8                drsub_shim
                0x0000000010003fce                dsub_shim
 .text.dadd_shim
                0x0000000010003fd8      0x15c CMakeFiles/hw3.dir/pico-sdk/src/rp2_common/pico_double/double_v1_rom_shim.S.obj
                0x0000000010003fd8                dadd_shim
 .text.dmul_shim
                0x0000000010004134      0x15c CMakeFiles/hw3.dir/pico-sdk/src/rp2_common/pico_double/double_v1_rom_shim.S.obj
                0x0000000010004134                dmul_shim
 .text.ddiv_shim
                0x0000000010004290      0x1b0 CMakeFiles/hw3.dir/pico-sdk/src/rp2_common/pico_double/double_v1_rom_shim.S.obj
                0x0000000010004290                ddiv_shim
 .text.double2uint_shim
                0x0000000010004440        0xe CMakeFiles/hw3.dir/pico-sdk/src/rp2_common/pico_double/double_v1_rom_shim.S.obj
                0x0000000010004440                double2uint_shim
                0x0000000010004442                double2ufix_shim
 .text.double2int64_shim
                0x000000001000444e       0x1a CMakeFiles/hw3.dir/pico-sdk/src/rp2_common/pico_double/double_v1_rom_shim.S.obj
                0x000000001000444e                double2int64_shim
                0x0000000010004450                double2fix64_shim
 .text.double2uint64_shim
                0x0000000010004468       0x70 CMakeFiles/hw3.dir/pico-sdk/src/rp2_common/pico_double/double_v1_rom_shim.S.obj
                0x0000000010004468                double2uint64_shim
                0x000000001000446a                double2ufix64_shim
                0x000000001000448a                d2fix_a
 .text.double2float_shim
                0x00000000100044d8       0x5c CMakeFiles/hw3.dir/pico-sdk/src/rp2_common/pico_double/double_v1_rom_shim.S.obj
                0x00000000100044d8                double2float_shim
 .text.x2double_shims
                0x0000000010004534       0x90 CMakeFiles/hw3.dir/pico-sdk/src/rp2_common/pico_double/double_v1_rom_shim.S.obj
                0x0000000010004534                uint2double_shim
                0x0000000010004536                ufix2double_shim
                0x000000001000453c                int2double_shim
                0x000000001000453e                fix2double_shim
                0x0000000010004544                uint642double_shim
                0x0000000010004546                ufix642double_shim
                0x000000001000454c                int642double_shim
                0x000000001000454e                fix642double_shim
 .text.dunpacks
                0x00000000100045c4       0x3c CMakeFiles/hw3.dir/pico-sdk/src/rp2_common/pico_double/double_v1_rom_shim.S.obj
                0x00000000100045c4                dunpacks
 .text.__aeabi_lmul
                0x0000000010004600       0x32 CMakeFiles/hw3.dir/pico-sdk/src/rp2_common/pico_int64_ops/pico_int64_ops_aeabi.S.obj
                0x0000000010004600                __wrap___aeabi_lmul
 *fill*         0x0000000010004632        0x2 
 .text.__wrap___aeabi_cfcmple
                0x0000000010004634       0x50 CMakeFiles/hw3.dir/pico-sdk/src/rp2_common/pico_float/float_aeabi.S.obj
                0x0000000010004634                __wrap___aeabi_cfrcmple
                0x0000000010004640                __wrap___aeabi_cfcmpeq
                0x0000000010004640                __wrap___aeabi_cfcmple
 .text.__wrap___aeabi_fcmple
                0x0000000010004684       0x10 CMakeFiles/hw3.dir/pico-sdk/src/rp2_common/pico_float/float_aeabi.S.obj
                0x0000000010004684                __wrap___aeabi_fcmple
 .text.__wrap___aeabi_fcmpun
                0x0000000010004694       0x18 CMakeFiles/hw3.dir/pico-sdk/src/rp2_common/pico_float/float_aeabi.S.obj
                0x0000000010004694                __wrap___aeabi_fcmpun
 .text.__wrap___aeabi_f2d
                0x00000000100046ac       0x14 CMakeFiles/hw3.dir/pico-sdk/src/rp2_common/pico_float/float_aeabi.S.obj
                0x00000000100046ac                __wrap___aeabi_f2d
 .text.__aeabi_float_init
                0x00000000100046c0       0xfc CMakeFiles/hw3.dir/pico-sdk/src/rp2_common/pico_float/float_init_rom.c.obj
                0x00000000100046c0                __aeabi_float_init
 .text.float_table_shim_on_use_helper
                0x00000000100047bc       0x34 CMakeFiles/hw3.dir/pico-sdk/src/rp2_common/pico_float/float_v1_rom_shim.S.obj
                0x00000000100047bc                float_table_shim_on_use_helper
 .text.float2double_shim
                0x00000000100047f0       0x30 CMakeFiles/hw3.dir/pico-sdk/src/rp2_common/pico_float/float_v1_rom_shim.S.obj
                0x00000000100047f0                float2double_shim
 .text          0x0000000010004820       0x10 CMakeFiles/hw3.dir/pico-sdk/src/rp2_common/pico_mem_ops/mem_ops_aeabi.S.obj
                0x0000000010004820                __aeabi_mem_init
 .text.memset   0x0000000010004830        0xc CMakeFiles/hw3.dir/pico-sdk/src/rp2_common/pico_mem_ops/mem_ops_aeabi.S.obj
                0x0000000010004830                __wrap_memset
 .text.memcpy   0x000000001000483c        0xc CMakeFiles/hw3.dir/pico-sdk/src/rp2_common/pico_mem_ops/mem_ops_aeabi.S.obj
                0x000000001000483c                __wrap___aeabi_memcpy
                0x000000001000483c                __wrap_memcpy
 .text.stdio_out_chars_no_crlf
                0x0000000010004848        0xe CMakeFiles/hw3.dir/pico-sdk/src/rp2_common/pico_stdio/stdio.c.obj
 *fill*         0x0000000010004856        0x2 
 .text.stdio_out_chars_crlf
                0x0000000010004858       0x80 CMakeFiles/hw3.dir/pico-sdk/src/rp2_common/pico_stdio/stdio.c.obj
 .text.stdio_stack_buffer_flush
                0x00000000100048d8       0x44 CMakeFiles/hw3.dir/pico-sdk/src/rp2_common/pico_stdio/stdio.c.obj
 .text.stdio_buffered_printer
                0x000000001000491c       0x20 CMakeFiles/hw3.dir/pico-sdk/src/rp2_common/pico_stdio/stdio.c.obj
 .text.stdio_get_until
                0x000000001000493c       0x80 CMakeFiles/hw3.dir/pico-sdk/src/rp2_common/pico_stdio/stdio.c.obj
 .text.stdout_serialize_begin
                0x00000000100049bc       0x5c CMakeFiles/hw3.dir/pico-sdk/src/rp2_common/pico_stdio/stdio.c.obj
                0x00000000100049bc                stdout_serialize_begin
 .text.stdout_serialize_end
                0x0000000010004a18       0x10 CMakeFiles/hw3.dir/pico-sdk/src/rp2_common/pico_stdio/stdio.c.obj
                0x0000000010004a18                stdout_serialize_end
 .text.stdio_put_string
                0x0000000010004a28       0x98 CMakeFiles/hw3.dir/pico-sdk/src/rp2_common/pico_stdio/stdio.c.obj
 .text._read    0x0000000010004ac0       0x24 CMakeFiles/hw3.dir/pico-sdk/src/rp2_common/pico_stdio/stdio.c.obj
                0x0000000010004ac0                _read
 .text._write   0x0000000010004ae4       0x22 CMakeFiles/hw3.dir/pico-sdk/src/rp2_common/pico_stdio/stdio.c.obj
                0x0000000010004ae4                _write
 .text._close   0x0000000010004b06        0x6 CMakeFiles/hw3.dir/pico-sdk/src/rp2_common/pico_stdio/stdio.c.obj
                0x0000000010004b06                _close
 .text._lseek   0x0000000010004b0c        0x6 CMakeFiles/hw3.dir/pico-sdk/src/rp2_common/pico_stdio/stdio.c.obj
                0x0000000010004b0c                _lseek
 .text._fstat   0x0000000010004b12        0x6 CMakeFiles/hw3.dir/pico-sdk/src/rp2_common/pico_stdio/stdio.c.obj
                0x0000000010004b12                _fstat
 .text._isatty  0x0000000010004b18        0xc CMakeFiles/hw3.dir/pico-sdk/src/rp2_common/pico_stdio/stdio.c.obj
                0x0000000010004b18                _isatty
 .text.stdio_set_driver_enabled
                0x0000000010004b24       0x2c CMakeFiles/hw3.dir/pico-sdk/src/rp2_common/pico_stdio/stdio.c.obj
                0x0000000010004b24                stdio_set_driver_enabled
 .text.stdio_flush
                0x0000000010004b50       0x20 CMakeFiles/hw3.dir/pico-sdk/src/rp2_common/pico_stdio/stdio.c.obj
                0x0000000010004b50                stdio_flush
 .text.__wrap_puts
                0x0000000010004b70       0x1e CMakeFiles/hw3.dir/pico-sdk/src/rp2_common/pico_stdio/stdio.c.obj
                0x0000000010004b70                __wrap_puts
 *fill*         0x0000000010004b8e        0x2 
 .text.__wrap_vprintf
                0x0000000010004b90       0x40 CMakeFiles/hw3.dir/pico-sdk/src/rp2_common/pico_stdio/stdio.c.obj
                0x0000000010004b90                __wrap_vprintf
 .text.__wrap_printf
                0x0000000010004bd0       0x18 CMakeFiles/hw3.dir/pico-sdk/src/rp2_common/pico_stdio/stdio.c.obj
                0x0000000010004bd0                __wrap_printf
 .text.stdio_init_all
                0x0000000010004be8        0x8 CMakeFiles/hw3.dir/pico-sdk/src/rp2_common/pico_stdio/stdio.c.obj
                0x0000000010004be8                stdio_init_all
 .text.resetd_init
                0x0000000010004bf0        0x2 CMakeFiles/hw3.dir/pico-sdk/src/rp2_common/pico_stdio_usb/reset_interface.c.obj
 *fill*         0x0000000010004bf2        0x2 
 .text.resetd_reset
                0x0000000010004bf4        0xc CMakeFiles/hw3.dir/pico-sdk/src/rp2_common/pico_stdio_usb/reset_interface.c.obj
 .text.resetd_open
                0x0000000010004c00       0x34 CMakeFiles/hw3.dir/pico-sdk/src/rp2_common/pico_stdio_usb/reset_interface.c.obj
 .text.resetd_xfer_cb
                0x0000000010004c34        0x4 CMakeFiles/hw3.dir/pico-sdk/src/rp2_common/pico_stdio_usb/reset_interface.c.obj
 .text.reset_usb_boot
                0x0000000010004c38       0x18 CMakeFiles/hw3.dir/pico-sdk/src/rp2_common/pico_stdio_usb/reset_interface.c.obj
 .text.resetd_control_xfer_cb
                0x0000000010004c50       0x5c CMakeFiles/hw3.dir/pico-sdk/src/rp2_common/pico_stdio_usb/reset_interface.c.obj
 .text.usbd_app_driver_get_cb
                0x0000000010004cac        0xc CMakeFiles/hw3.dir/pico-sdk/src/rp2_common/pico_stdio_usb/reset_interface.c.obj
                0x0000000010004cac                usbd_app_driver_get_cb
 .text.tud_cdc_line_coding_cb
                0x0000000010004cb8       0x28 CMakeFiles/hw3.dir/pico-sdk/src/rp2_common/pico_stdio_usb/reset_interface.c.obj
                0x0000000010004cb8                tud_cdc_line_coding_cb
 .text.stdio_usb_set_chars_available_callback
                0x0000000010004ce0       0x14 CMakeFiles/hw3.dir/pico-sdk/src/rp2_common/pico_stdio_usb/stdio_usb.c.obj
                0x0000000010004ce0                stdio_usb_set_chars_available_callback
 .text.usb_irq  0x0000000010004cf4       0x10 CMakeFiles/hw3.dir/pico-sdk/src/rp2_common/pico_stdio_usb/stdio_usb.c.obj
 .text.timer_task
                0x0000000010004d04       0x5c CMakeFiles/hw3.dir/pico-sdk/src/rp2_common/pico_stdio_usb/stdio_usb.c.obj
 .text.low_priority_worker_irq
                0x0000000010004d60       0xdc CMakeFiles/hw3.dir/pico-sdk/src/rp2_common/pico_stdio_usb/stdio_usb.c.obj
 .text.tud_cdc_rx_cb
                0x0000000010004e3c       0x20 CMakeFiles/hw3.dir/pico-sdk/src/rp2_common/pico_stdio_usb/stdio_usb.c.obj
                0x0000000010004e3c                tud_cdc_rx_cb
 .text.stdio_usb_init
                0x0000000010004e5c      0x11c CMakeFiles/hw3.dir/pico-sdk/src/rp2_common/pico_stdio_usb/stdio_usb.c.obj
                0x0000000010004e5c                stdio_usb_init
 .text.stdio_usb_connected
                0x0000000010004f78        0xa CMakeFiles/hw3.dir/pico-sdk/src/rp2_common/pico_stdio_usb/stdio_usb.c.obj
                0x0000000010004f78                stdio_usb_connected
 *fill*         0x0000000010004f82        0x2 
 .text.stdio_usb_in_chars
                0x0000000010004f84       0xc4 CMakeFiles/hw3.dir/pico-sdk/src/rp2_common/pico_stdio_usb/stdio_usb.c.obj
                0x0000000010004f84                stdio_usb_in_chars
 .text.stdio_usb_out_chars
                0x0000000010005048      0x114 CMakeFiles/hw3.dir/pico-sdk/src/rp2_common/pico_stdio_usb/stdio_usb.c.obj
 .text.tud_descriptor_device_cb
                0x000000001000515c        0x8 CMakeFiles/hw3.dir/pico-sdk/src/rp2_common/pico_stdio_usb/stdio_usb_descriptors.c.obj
                0x000000001000515c                tud_descriptor_device_cb
 .text.tud_descriptor_configuration_cb
                0x0000000010005164        0x8 CMakeFiles/hw3.dir/pico-sdk/src/rp2_common/pico_stdio_usb/stdio_usb_descriptors.c.obj
                0x0000000010005164                tud_descriptor_configuration_cb
 .text.tud_descriptor_string_cb
                0x000000001000516c       0x6c CMakeFiles/hw3.dir/pico-sdk/src/rp2_common/pico_stdio_usb/stdio_usb_descriptors.c.obj
                0x000000001000516c                tud_descriptor_string_cb
 .text._retrieve_unique_id_on_boot
                0x00000000100051d8       0x10 CMakeFiles/hw3.dir/pico-sdk/src/rp2_common/pico_unique_id/unique_id.c.obj
 .text.pico_get_unique_board_id_string
                0x00000000100051e8       0x60 CMakeFiles/hw3.dir/pico-sdk/src/rp2_common/pico_unique_id/unique_id.c.obj
                0x00000000100051e8                pico_get_unique_board_id_string
 .text.flash_get_unique_id
                0x0000000010005248       0x46 CMakeFiles/hw3.dir/pico-sdk/src/rp2_common/hardware_flash/flash.c.obj
                0x0000000010005248                flash_get_unique_id
 *fill*         0x000000001000528e        0x2 
 .text.hw_endpoint_get_by_addr
                0x0000000010005290       0x18 CMakeFiles/hw3.dir/pico-sdk/lib/tinyusb/src/portable/raspberrypi/rp2040/dcd_rp2040.c.obj
 .text._hw_endpoint_alloc
                0x00000000100052a8       0x70 CMakeFiles/hw3.dir/pico-sdk/lib/tinyusb/src/portable/raspberrypi/rp2040/dcd_rp2040.c.obj
 .text.hw_endpoint_init
                0x0000000010005318       0x88 CMakeFiles/hw3.dir/pico-sdk/lib/tinyusb/src/portable/raspberrypi/rp2040/dcd_rp2040.c.obj
 .text.hw_endpoint_xfer
                0x00000000100053a0       0x14 CMakeFiles/hw3.dir/pico-sdk/lib/tinyusb/src/portable/raspberrypi/rp2040/dcd_rp2040.c.obj
 .text.dcd_int_enable
                0x00000000100053b4       0x2c CMakeFiles/hw3.dir/pico-sdk/lib/tinyusb/src/portable/raspberrypi/rp2040/dcd_rp2040.c.obj
                0x00000000100053b4                dcd_int_enable
 .text.dcd_set_address
                0x00000000100053e0       0x2c CMakeFiles/hw3.dir/pico-sdk/lib/tinyusb/src/portable/raspberrypi/rp2040/dcd_rp2040.c.obj
                0x00000000100053e0                dcd_set_address
 .text.dcd_connect
                0x000000001000540c       0x10 CMakeFiles/hw3.dir/pico-sdk/lib/tinyusb/src/portable/raspberrypi/rp2040/dcd_rp2040.c.obj
                0x000000001000540c                dcd_connect
 .text.dcd_init
                0x000000001000541c       0x80 CMakeFiles/hw3.dir/pico-sdk/lib/tinyusb/src/portable/raspberrypi/rp2040/dcd_rp2040.c.obj
                0x000000001000541c                dcd_init
 .text.dcd_edpt0_status_complete
                0x000000001000549c       0x1c CMakeFiles/hw3.dir/pico-sdk/lib/tinyusb/src/portable/raspberrypi/rp2040/dcd_rp2040.c.obj
                0x000000001000549c                dcd_edpt0_status_complete
 .text.dcd_edpt_open
                0x00000000100054b8       0x40 CMakeFiles/hw3.dir/pico-sdk/lib/tinyusb/src/portable/raspberrypi/rp2040/dcd_rp2040.c.obj
                0x00000000100054b8                dcd_edpt_open
 .text.dcd_edpt_close_all
                0x00000000100054f8        0x8 CMakeFiles/hw3.dir/pico-sdk/lib/tinyusb/src/portable/raspberrypi/rp2040/dcd_rp2040.c.obj
                0x00000000100054f8                dcd_edpt_close_all
 .text.dcd_edpt_xfer
                0x0000000010005500       0x34 CMakeFiles/hw3.dir/pico-sdk/lib/tinyusb/src/portable/raspberrypi/rp2040/dcd_rp2040.c.obj
                0x0000000010005500                dcd_edpt_xfer
 .text.dcd_edpt_stall
                0x0000000010005534       0x2c CMakeFiles/hw3.dir/pico-sdk/lib/tinyusb/src/portable/raspberrypi/rp2040/dcd_rp2040.c.obj
                0x0000000010005534                dcd_edpt_stall
 .text.dcd_edpt_clear_stall
                0x0000000010005560       0x20 CMakeFiles/hw3.dir/pico-sdk/lib/tinyusb/src/portable/raspberrypi/rp2040/dcd_rp2040.c.obj
                0x0000000010005560                dcd_edpt_clear_stall
 .text.rp2040_usb_init
                0x0000000010005580       0x4c CMakeFiles/hw3.dir/pico-sdk/lib/tinyusb/src/portable/raspberrypi/rp2040/rp2040_usb.c.obj
                0x0000000010005580                rp2040_usb_init
 .text.hw_endpoint_xfer_start
                0x00000000100055cc       0x50 CMakeFiles/hw3.dir/pico-sdk/lib/tinyusb/src/portable/raspberrypi/rp2040/rp2040_usb.c.obj
                0x00000000100055cc                hw_endpoint_xfer_start
 .text.configuration_reset
                0x000000001000561c       0x84 CMakeFiles/hw3.dir/pico-sdk/lib/tinyusb/src/device/usbd.c.obj
 .text.usbd_reset
                0x00000000100056a0        0xc CMakeFiles/hw3.dir/pico-sdk/lib/tinyusb/src/device/usbd.c.obj
 .text.invoke_class_control
                0x00000000100056ac       0x1a CMakeFiles/hw3.dir/pico-sdk/lib/tinyusb/src/device/usbd.c.obj
 *fill*         0x00000000100056c6        0x2 
 .text.process_set_config
                0x00000000100056c8      0x178 CMakeFiles/hw3.dir/pico-sdk/lib/tinyusb/src/device/usbd.c.obj
 .text.process_get_descriptor
                0x0000000010005840       0xdc CMakeFiles/hw3.dir/pico-sdk/lib/tinyusb/src/device/usbd.c.obj
 .text.tud_mounted
                0x000000001000591c       0x10 CMakeFiles/hw3.dir/pico-sdk/lib/tinyusb/src/device/usbd.c.obj
                0x000000001000591c                tud_mounted
 .text.tud_suspended
                0x000000001000592c       0x10 CMakeFiles/hw3.dir/pico-sdk/lib/tinyusb/src/device/usbd.c.obj
                0x000000001000592c                tud_suspended
 .text.tud_inited
                0x000000001000593c       0x14 CMakeFiles/hw3.dir/pico-sdk/lib/tinyusb/src/device/usbd.c.obj
                0x000000001000593c                tud_inited
 .text.tud_init
                0x0000000010005950       0xcc CMakeFiles/hw3.dir/pico-sdk/lib/tinyusb/src/device/usbd.c.obj
                0x0000000010005950                tud_init
 .text.usbd_defer_func
                0x0000000010005a1c       0x2a CMakeFiles/hw3.dir/pico-sdk/lib/tinyusb/src/device/usbd.c.obj
                0x0000000010005a1c                usbd_defer_func
 *fill*         0x0000000010005a46        0x2 
 .text.usbd_edpt_open
                0x0000000010005a48       0x34 CMakeFiles/hw3.dir/pico-sdk/lib/tinyusb/src/device/usbd.c.obj
                0x0000000010005a48                usbd_edpt_open
 .text.usbd_open_edpt_pair
                0x0000000010005a7c       0x62 CMakeFiles/hw3.dir/pico-sdk/lib/tinyusb/src/device/usbd.c.obj
                0x0000000010005a7c                usbd_open_edpt_pair
 *fill*         0x0000000010005ade        0x2 
 .text.usbd_edpt_claim
                0x0000000010005ae0       0x28 CMakeFiles/hw3.dir/pico-sdk/lib/tinyusb/src/device/usbd.c.obj
                0x0000000010005ae0                usbd_edpt_claim
 .text.usbd_edpt_release
                0x0000000010005b08       0x28 CMakeFiles/hw3.dir/pico-sdk/lib/tinyusb/src/device/usbd.c.obj
                0x0000000010005b08                usbd_edpt_release
 .text.usbd_edpt_xfer
                0x0000000010005b30       0x78 CMakeFiles/hw3.dir/pico-sdk/lib/tinyusb/src/device/usbd.c.obj
                0x0000000010005b30                usbd_edpt_xfer
 .text.usbd_edpt_stall
                0x0000000010005ba8       0x48 CMakeFiles/hw3.dir/pico-sdk/lib/tinyusb/src/device/usbd.c.obj
                0x0000000010005ba8                usbd_edpt_stall
 .text.usbd_edpt_clear_stall
                0x0000000010005bf0       0x48 CMakeFiles/hw3.dir/pico-sdk/lib/tinyusb/src/device/usbd.c.obj
                0x0000000010005bf0                usbd_edpt_clear_stall
 .text.usbd_edpt_stalled
                0x0000000010005c38       0x1c CMakeFiles/hw3.dir/pico-sdk/lib/tinyusb/src/device/usbd.c.obj
                0x0000000010005c38                usbd_edpt_stalled
 .text.process_control_request
                0x0000000010005c54      0x37c CMakeFiles/hw3.dir/pico-sdk/lib/tinyusb/src/device/usbd.c.obj
 .text.tud_task_ext
                0x0000000010005fd0      0x1b8 CMakeFiles/hw3.dir/pico-sdk/lib/tinyusb/src/device/usbd.c.obj
                0x0000000010005fd0                tud_task_ext
 .text._data_stage_xact
                0x0000000010006188       0x58 CMakeFiles/hw3.dir/pico-sdk/lib/tinyusb/src/device/usbd_control.c.obj
 .text.tud_control_status
                0x00000000100061e0       0x38 CMakeFiles/hw3.dir/pico-sdk/lib/tinyusb/src/device/usbd_control.c.obj
                0x00000000100061e0                tud_control_status
 .text.tud_control_xfer
                0x0000000010006218       0x74 CMakeFiles/hw3.dir/pico-sdk/lib/tinyusb/src/device/usbd_control.c.obj
                0x0000000010006218                tud_control_xfer
 .text.usbd_control_reset
                0x000000001000628c       0x14 CMakeFiles/hw3.dir/pico-sdk/lib/tinyusb/src/device/usbd_control.c.obj
                0x000000001000628c                usbd_control_reset
 .text.usbd_control_set_complete_callback
                0x00000000100062a0        0xc CMakeFiles/hw3.dir/pico-sdk/lib/tinyusb/src/device/usbd_control.c.obj
                0x00000000100062a0                usbd_control_set_complete_callback
 .text.usbd_control_set_request
                0x00000000100062ac       0x1c CMakeFiles/hw3.dir/pico-sdk/lib/tinyusb/src/device/usbd_control.c.obj
                0x00000000100062ac                usbd_control_set_request
 .text.usbd_control_xfer_cb
                0x00000000100062c8       0xcc CMakeFiles/hw3.dir/pico-sdk/lib/tinyusb/src/device/usbd_control.c.obj
                0x00000000100062c8                usbd_control_xfer_cb
 .text._prep_out_transaction
                0x0000000010006394       0x4a CMakeFiles/hw3.dir/pico-sdk/lib/tinyusb/src/class/cdc/cdc_device.c.obj
 *fill*         0x00000000100063de        0x2 
 .text.tud_cdc_n_connected
                0x00000000100063e0       0x44 CMakeFiles/hw3.dir/pico-sdk/lib/tinyusb/src/class/cdc/cdc_device.c.obj
                0x00000000100063e0                tud_cdc_n_connected
 .text.tud_cdc_n_available
                0x0000000010006424       0x18 CMakeFiles/hw3.dir/pico-sdk/lib/tinyusb/src/class/cdc/cdc_device.c.obj
                0x0000000010006424                tud_cdc_n_available
 .text.tud_cdc_n_read
                0x000000001000643c       0x28 CMakeFiles/hw3.dir/pico-sdk/lib/tinyusb/src/class/cdc/cdc_device.c.obj
                0x000000001000643c                tud_cdc_n_read
 .text.tud_cdc_n_write_flush
                0x0000000010006464       0xb8 CMakeFiles/hw3.dir/pico-sdk/lib/tinyusb/src/class/cdc/cdc_device.c.obj
                0x0000000010006464                tud_cdc_n_write_flush
 .text.tud_cdc_n_write
                0x000000001000651c       0x38 CMakeFiles/hw3.dir/pico-sdk/lib/tinyusb/src/class/cdc/cdc_device.c.obj
                0x000000001000651c                tud_cdc_n_write
 .text.tud_cdc_n_write_available
                0x0000000010006554       0x1c CMakeFiles/hw3.dir/pico-sdk/lib/tinyusb/src/class/cdc/cdc_device.c.obj
                0x0000000010006554                tud_cdc_n_write_available
 .text.cdcd_init
                0x0000000010006570       0xbc CMakeFiles/hw3.dir/pico-sdk/lib/tinyusb/src/class/cdc/cdc_device.c.obj
                0x0000000010006570                cdcd_init
 .text.cdcd_reset
                0x000000001000662c       0x44 CMakeFiles/hw3.dir/pico-sdk/lib/tinyusb/src/class/cdc/cdc_device.c.obj
                0x000000001000662c                cdcd_reset
 .text.cdcd_open
                0x0000000010006670       0xcc CMakeFiles/hw3.dir/pico-sdk/lib/tinyusb/src/class/cdc/cdc_device.c.obj
                0x0000000010006670                cdcd_open
 .text.cdcd_control_xfer_cb
                0x000000001000673c      0x134 CMakeFiles/hw3.dir/pico-sdk/lib/tinyusb/src/class/cdc/cdc_device.c.obj
                0x000000001000673c                cdcd_control_xfer_cb
 .text.cdcd_xfer_cb
                0x0000000010006870      0x130 CMakeFiles/hw3.dir/pico-sdk/lib/tinyusb/src/class/cdc/cdc_device.c.obj
                0x0000000010006870                cdcd_xfer_cb
 .text.tusb_init
                0x00000000100069a0        0xa CMakeFiles/hw3.dir/pico-sdk/lib/tinyusb/src/tusb.c.obj
                0x00000000100069a0                tusb_init
 .text.tusb_inited
                0x00000000100069aa        0xe CMakeFiles/hw3.dir/pico-sdk/lib/tinyusb/src/tusb.c.obj
                0x00000000100069aa                tusb_inited
 .text.tu_edpt_claim
                0x00000000100069b8       0x50 CMakeFiles/hw3.dir/pico-sdk/lib/tinyusb/src/tusb.c.obj
                0x00000000100069b8                tu_edpt_claim
 .text.tu_edpt_release
                0x0000000010006a08       0x3c CMakeFiles/hw3.dir/pico-sdk/lib/tinyusb/src/tusb.c.obj
                0x0000000010006a08                tu_edpt_release
 .text.tu_edpt_validate
                0x0000000010006a44       0x78 CMakeFiles/hw3.dir/pico-sdk/lib/tinyusb/src/tusb.c.obj
                0x0000000010006a44                tu_edpt_validate
 .text.tu_edpt_bind_driver
                0x0000000010006abc       0x26 CMakeFiles/hw3.dir/pico-sdk/lib/tinyusb/src/tusb.c.obj
                0x0000000010006abc                tu_edpt_bind_driver
 .text.advance_index
                0x0000000010006ae2       0x1a CMakeFiles/hw3.dir/pico-sdk/lib/tinyusb/src/common/tusb_fifo.c.obj
 .text._tu_fifo_peek
                0x0000000010006afc       0x56 CMakeFiles/hw3.dir/pico-sdk/lib/tinyusb/src/common/tusb_fifo.c.obj
 .text._ff_pull_const_addr
                0x0000000010006b52       0x4c CMakeFiles/hw3.dir/pico-sdk/lib/tinyusb/src/common/tusb_fifo.c.obj
 .text._ff_pull_n
                0x0000000010006b9e      0x110 CMakeFiles/hw3.dir/pico-sdk/lib/tinyusb/src/common/tusb_fifo.c.obj
 .text._tu_fifo_peek_n
                0x0000000010006cae       0x6a CMakeFiles/hw3.dir/pico-sdk/lib/tinyusb/src/common/tusb_fifo.c.obj
 .text._tu_fifo_read_n
                0x0000000010006d18       0x4e CMakeFiles/hw3.dir/pico-sdk/lib/tinyusb/src/common/tusb_fifo.c.obj
 .text._ff_push_const_addr
                0x0000000010006d66       0x40 CMakeFiles/hw3.dir/pico-sdk/lib/tinyusb/src/common/tusb_fifo.c.obj
 .text._ff_push_n
                0x0000000010006da6      0x10c CMakeFiles/hw3.dir/pico-sdk/lib/tinyusb/src/common/tusb_fifo.c.obj
 .text._tu_fifo_write_n
                0x0000000010006eb2       0xf0 CMakeFiles/hw3.dir/pico-sdk/lib/tinyusb/src/common/tusb_fifo.c.obj
 .text.tu_fifo_config
                0x0000000010006fa2       0x7c CMakeFiles/hw3.dir/pico-sdk/lib/tinyusb/src/common/tusb_fifo.c.obj
                0x0000000010006fa2                tu_fifo_config
 .text.tu_fifo_count
                0x000000001000701e       0x2a CMakeFiles/hw3.dir/pico-sdk/lib/tinyusb/src/common/tusb_fifo.c.obj
                0x000000001000701e                tu_fifo_count
 .text.tu_fifo_empty
                0x0000000010007048       0x10 CMakeFiles/hw3.dir/pico-sdk/lib/tinyusb/src/common/tusb_fifo.c.obj
                0x0000000010007048                tu_fifo_empty
 .text.tu_fifo_full
                0x0000000010007058       0x28 CMakeFiles/hw3.dir/pico-sdk/lib/tinyusb/src/common/tusb_fifo.c.obj
                0x0000000010007058                tu_fifo_full
 .text.tu_fifo_remaining
                0x0000000010007080       0x2c CMakeFiles/hw3.dir/pico-sdk/lib/tinyusb/src/common/tusb_fifo.c.obj
                0x0000000010007080                tu_fifo_remaining
 .text.tu_fifo_read
                0x00000000100070ac       0x42 CMakeFiles/hw3.dir/pico-sdk/lib/tinyusb/src/common/tusb_fifo.c.obj
                0x00000000100070ac                tu_fifo_read
 .text.tu_fifo_read_n
                0x00000000100070ee        0xa CMakeFiles/hw3.dir/pico-sdk/lib/tinyusb/src/common/tusb_fifo.c.obj
                0x00000000100070ee                tu_fifo_read_n
 .text.tu_fifo_write
                0x00000000100070f8       0x64 CMakeFiles/hw3.dir/pico-sdk/lib/tinyusb/src/common/tusb_fifo.c.obj
                0x00000000100070f8                tu_fifo_write
 .text.tu_fifo_write_n
                0x000000001000715c        0xa CMakeFiles/hw3.dir/pico-sdk/lib/tinyusb/src/common/tusb_fifo.c.obj
                0x000000001000715c                tu_fifo_write_n
 .text.tu_fifo_clear
                0x0000000010007166       0x3e CMakeFiles/hw3.dir/pico-sdk/lib/tinyusb/src/common/tusb_fifo.c.obj
                0x0000000010007166                tu_fifo_clear
 .text.tu_fifo_set_overwritable
                0x00000000100071a4       0x46 CMakeFiles/hw3.dir/pico-sdk/lib/tinyusb/src/common/tusb_fifo.c.obj
                0x00000000100071a4                tu_fifo_set_overwritable
 *fill*         0x00000000100071ea        0x2 
 .text.adc_init
                0x00000000100071ec       0x34 CMakeFiles/hw3.dir/pico-sdk/src/rp2_common/hardware_adc/adc.c.obj
                0x00000000100071ec                adc_init
 .text          0x0000000010007220       0x18 /usr/lib/gcc/arm-none-eabi/10.3.1/../../../arm-none-eabi/lib/thumb/v6-m/nofp/libg.a(lib_a-atoi.o)
                0x0000000010007220                atoi
                0x000000001000722c                _atoi_r
 .text          0x0000000010007238       0x5c /usr/lib/gcc/arm-none-eabi/10.3.1/../../../arm-none-eabi/lib/thumb/v6-m/nofp/libg.a(lib_a-callocr.o)
                0x0000000010007238                _calloc_r
 .text          0x0000000010007294      0x574 /usr/lib/gcc/arm-none-eabi/10.3.1/../../../arm-none-eabi/lib/thumb/v6-m/nofp/libg.a(lib_a-mallocr.o)
                0x0000000010007294                _malloc_r
 .text          0x0000000010007808        0x8 /usr/lib/gcc/arm-none-eabi/10.3.1/../../../arm-none-eabi/lib/thumb/v6-m/nofp/libg.a(lib_a-mlock.o)
                0x0000000010007808                __malloc_lock
                0x000000001000780c                __malloc_unlock
 .text          0x0000000010007810      0x354 /usr/lib/gcc/arm-none-eabi/10.3.1/../../../arm-none-eabi/lib/thumb/v6-m/nofp/libg.a(lib_a-reallocr.o)
                0x0000000010007810                _realloc_r
 .text          0x0000000010007b64       0x24 /usr/lib/gcc/arm-none-eabi/10.3.1/../../../arm-none-eabi/lib/thumb/v6-m/nofp/libg.a(lib_a-sbrkr.o)
                0x0000000010007b64                _sbrk_r
 .text          0x0000000010007b88       0x40 /usr/lib/gcc/arm-none-eabi/10.3.1/../../../arm-none-eabi/lib/thumb/v6-m/nofp/libg.a(lib_a-scanf.o)
                0x0000000010007b88                scanf
                0x0000000010007bac                _scanf_r
 .text          0x0000000010007bc8       0x5c /usr/lib/gcc/arm-none-eabi/10.3.1/../../../arm-none-eabi/lib/thumb/v6-m/nofp/libg.a(lib_a-strlen-stub.o)
                0x0000000010007bc8                strlen
 .text          0x0000000010007c24      0x1b8 /usr/lib/gcc/arm-none-eabi/10.3.1/../../../arm-none-eabi/lib/thumb/v6-m/nofp/libg.a(lib_a-strtol.o)
                0x0000000010007d68                _strtol_r
                0x0000000010007d84                strtol_l
                0x0000000010007db0                strtol
 .text          0x0000000010007ddc      0xfe0 /usr/lib/gcc/arm-none-eabi/10.3.1/../../../arm-none-eabi/lib/thumb/v6-m/nofp/libg.a(lib_a-vfscanf.o)
                0x0000000010007ddc                __svfscanf_r
                0x0000000010008d4c                vfscanf
                0x0000000010008d7c                __svfscanf
                0x0000000010008d94                _vfscanf_r
 .text          0x0000000010008dbc        0xc /usr/lib/gcc/arm-none-eabi/10.3.1/../../../arm-none-eabi/lib/thumb/v6-m/nofp/libg.a(lib_a-errno.o)
                0x0000000010008dbc                __errno
 .text          0x0000000010008dc8      0x248 /usr/lib/gcc/arm-none-eabi/10.3.1/../../../arm-none-eabi/lib/thumb/v6-m/nofp/libg.a(lib_a-findfp.o)
                0x0000000010008dcc                _cleanup_r
                0x0000000010008ec8                __sfmoreglue
                0x0000000010008ef8                __sfp
                0x0000000010008fa8                _cleanup
                0x0000000010008fc0                __sinit
                0x0000000010008fd0                __sfp_lock_acquire
                0x0000000010008fd4                __sfp_lock_release
                0x0000000010008fd8                __sinit_lock_acquire
                0x0000000010008fdc                __sinit_lock_release
                0x0000000010008fe0                __fp_lock_all
                0x0000000010008ff8                __fp_unlock_all
 .text          0x0000000010009010      0x190 /usr/lib/gcc/arm-none-eabi/10.3.1/../../../arm-none-eabi/lib/thumb/v6-m/nofp/libg.a(lib_a-fread.o)
                0x0000000010009010                _fread_r
                0x0000000010009180                fread
 .text          0x00000000100091a0      0x260 /usr/lib/gcc/arm-none-eabi/10.3.1/../../../arm-none-eabi/lib/thumb/v6-m/nofp/libg.a(lib_a-freer.o)
                0x00000000100091a0                _malloc_trim_r
                0x000000001000923c                _free_r
 .text          0x0000000010009400       0x88 /usr/lib/gcc/arm-none-eabi/10.3.1/../../../arm-none-eabi/lib/thumb/v6-m/nofp/libg.a(lib_a-fwalk.o)
                0x0000000010009400                _fwalk
                0x0000000010009440                _fwalk_reent
 .text          0x0000000010009488        0xc /usr/lib/gcc/arm-none-eabi/10.3.1/../../../arm-none-eabi/lib/thumb/v6-m/nofp/libg.a(lib_a-iswspace.o)
                0x0000000010009488                iswspace
 .text          0x0000000010009494       0x18 /usr/lib/gcc/arm-none-eabi/10.3.1/../../../arm-none-eabi/lib/thumb/v6-m/nofp/libg.a(lib_a-iswspace_l.o)
                0x0000000010009494                iswspace_l
 .text          0x00000000100094ac       0x98 /usr/lib/gcc/arm-none-eabi/10.3.1/../../../arm-none-eabi/lib/thumb/v6-m/nofp/libg.a(lib_a-locale.o)
                0x00000000100094ac                _setlocale_r
                0x00000000100094f0                __locale_mb_cur_max
                0x0000000010009500                setlocale
 .text          0x0000000010009544       0x14 /usr/lib/gcc/arm-none-eabi/10.3.1/../../../arm-none-eabi/lib/thumb/v6-m/nofp/libg.a(lib_a-localeconv.o)
                0x0000000010009544                __localeconv_l
                0x0000000010009548                _localeconv_r
                0x0000000010009550                localeconv
 .text          0x0000000010009558       0x9c /usr/lib/gcc/arm-none-eabi/10.3.1/../../../arm-none-eabi/lib/thumb/v6-m/nofp/libg.a(lib_a-mbrtowc.o)
                0x0000000010009558                _mbrtowc_r
                0x00000000100095a4                mbrtowc
 .text          0x00000000100095f4       0x44 /usr/lib/gcc/arm-none-eabi/10.3.1/../../../arm-none-eabi/lib/thumb/v6-m/nofp/libg.a(lib_a-mbtowc_r.o)
                0x00000000100095f4                _mbtowc_r
                0x000000001000960c                __ascii_mbtowc
 .text          0x0000000010009638       0xac /usr/lib/gcc/arm-none-eabi/10.3.1/../../../arm-none-eabi/lib/thumb/v6-m/nofp/libg.a(lib_a-memmove.o)
                0x0000000010009638                memmove
 .text          0x00000000100096e4      0x140 /usr/lib/gcc/arm-none-eabi/10.3.1/../../../arm-none-eabi/lib/thumb/v6-m/nofp/libg.a(lib_a-refill.o)
                0x0000000010009700                __srefill_r
 .text          0x0000000010009824       0x80 /usr/lib/gcc/arm-none-eabi/10.3.1/../../../arm-none-eabi/lib/thumb/v6-m/nofp/libg.a(lib_a-sccl.o)
                0x0000000010009824                __sccl
 .text          0x00000000100098a4        0x8 /usr/lib/gcc/arm-none-eabi/10.3.1/../../../arm-none-eabi/lib/thumb/v6-m/nofp/libg.a(lib_a-sf_nan.o)
                0x00000000100098a4                nanf
 .text          0x00000000100098ac       0xa4 /usr/lib/gcc/arm-none-eabi/10.3.1/../../../arm-none-eabi/lib/thumb/v6-m/nofp/libg.a(lib_a-stdio.o)
                0x00000000100098ac                __sread
                0x00000000100098d4                __seofread
                0x00000000100098d8                __swrite
                0x0000000010009918                __sseek
                0x0000000010009944                __sclose
 .text          0x0000000010009950       0x88 /usr/lib/gcc/arm-none-eabi/10.3.1/../../../arm-none-eabi/lib/thumb/v6-m/nofp/libg.a(lib_a-strcmp.o)
                0x0000000010009950                strcmp
 .text          0x00000000100099d8     0x1128 /usr/lib/gcc/arm-none-eabi/10.3.1/../../../arm-none-eabi/lib/thumb/v6-m/nofp/libg.a(lib_a-strtod.o)
                0x00000000100099d8                _strtod_l
                0x000000001000a958                _strtod_r
                0x000000001000a968                strtod_l
                0x000000001000a980                strtod
                0x000000001000a99c                strtof_l
                0x000000001000aa4c                strtof
 .text          0x000000001000ab00      0x1d0 /usr/lib/gcc/arm-none-eabi/10.3.1/../../../arm-none-eabi/lib/thumb/v6-m/nofp/libg.a(lib_a-strtoll.o)
                0x000000001000ac98                _strtoll_r
                0x000000001000aca0                strtoll_l
                0x000000001000acb8                strtoll
 .text          0x000000001000acd0      0x180 /usr/lib/gcc/arm-none-eabi/10.3.1/../../../arm-none-eabi/lib/thumb/v6-m/nofp/libg.a(lib_a-strtoul.o)
                0x000000001000ae18                _strtoul_r
                0x000000001000ae20                strtoul_l
                0x000000001000ae38                strtoul
 .text          0x000000001000ae50      0x1f4 /usr/lib/gcc/arm-none-eabi/10.3.1/../../../arm-none-eabi/lib/thumb/v6-m/nofp/libg.a(lib_a-strtoull.o)
                0x000000001000b00c                _strtoull_r
                0x000000001000b014                strtoull_l
                0x000000001000b02c                strtoull
 .text          0x000000001000b044      0x188 /usr/lib/gcc/arm-none-eabi/10.3.1/../../../arm-none-eabi/lib/thumb/v6-m/nofp/libg.a(lib_a-ungetc.o)
                0x000000001000b044                __submore
                0x000000001000b0c8                _ungetc_r
                0x000000001000b1b4                ungetc
 .text          0x000000001000b1cc       0x2c /usr/lib/gcc/arm-none-eabi/10.3.1/../../../arm-none-eabi/lib/thumb/v6-m/nofp/libg.a(lib_a-wctomb_r.o)
                0x000000001000b1cc                _wctomb_r
                0x000000001000b1dc                __ascii_wctomb
 .text          0x000000001000b1f8       0x28 /usr/lib/gcc/arm-none-eabi/10.3.1/../../../arm-none-eabi/lib/thumb/v6-m/nofp/libg.a(lib_a-writer.o)
                0x000000001000b1f8                _write_r
 .text          0x000000001000b220       0x24 /usr/lib/gcc/arm-none-eabi/10.3.1/../../../arm-none-eabi/lib/thumb/v6-m/nofp/libg.a(lib_a-closer.o)
                0x000000001000b220                _close_r
 .text          0x000000001000b244       0xe8 /usr/lib/gcc/arm-none-eabi/10.3.1/../../../arm-none-eabi/lib/thumb/v6-m/nofp/libg.a(lib_a-fclose.o)
                0x000000001000b2b4                _fclose_r
                0x000000001000b2ec                fclose
 .text          0x000000001000b32c      0x1c0 /usr/lib/gcc/arm-none-eabi/10.3.1/../../../arm-none-eabi/lib/thumb/v6-m/nofp/libg.a(lib_a-fflush.o)
                0x000000001000b32c                __sflush_r
                0x000000001000b46c                _fflush_r
                0x000000001000b498                fflush
 .text          0x000000001000b4ec      0x670 /usr/lib/gcc/arm-none-eabi/10.3.1/../../../arm-none-eabi/lib/thumb/v6-m/nofp/libg.a(lib_a-gdtoa-gethex.o)
                0x000000001000b590                __gethex
 .text          0x000000001000bb5c      0x1fc /usr/lib/gcc/arm-none-eabi/10.3.1/../../../arm-none-eabi/lib/thumb/v6-m/nofp/libg.a(lib_a-gdtoa-hexnan.o)
                0x000000001000bb5c                __match
                0x000000001000bb88                __hexnan
 .text          0x000000001000bd58       0x28 /usr/lib/gcc/arm-none-eabi/10.3.1/../../../arm-none-eabi/lib/thumb/v6-m/nofp/libg.a(lib_a-lseekr.o)
                0x000000001000bd58                _lseek_r
 .text          0x000000001000bd80      0x144 /usr/lib/gcc/arm-none-eabi/10.3.1/../../../arm-none-eabi/lib/thumb/v6-m/nofp/libg.a(lib_a-makebuf.o)
                0x000000001000bd80                __smakebuf_r
                0x000000001000be64                __swhatbuf_r
 .text          0x000000001000bec4      0xafc /usr/lib/gcc/arm-none-eabi/10.3.1/../../../arm-none-eabi/lib/thumb/v6-m/nofp/libg.a(lib_a-mprec.o)
                0x000000001000bec4                _Balloc
                0x000000001000bf14                _Bfree
                0x000000001000bf28                __multadd
                0x000000001000bfd0                __s2b
                0x000000001000c080                __hi0bits
                0x000000001000c0b8                __lo0bits
                0x000000001000c114                __i2b
                0x000000001000c174                __multiply
                0x000000001000c318                __pow5mult
                0x000000001000c3f0                __lshift
                0x000000001000c4ec                __mcmp
                0x000000001000c520                __mdiff
                0x000000001000c6ac                __ulp
                0x000000001000c6f4                __b2d
                0x000000001000c7bc                __d2b
                0x000000001000c894                __ratio
                0x000000001000c8fc                _mprec_log10
                0x000000001000c930                __copybits
                0x000000001000c970                __any_on
 .text          0x000000001000c9c0       0x28 /usr/lib/gcc/arm-none-eabi/10.3.1/../../../arm-none-eabi/lib/thumb/v6-m/nofp/libg.a(lib_a-readr.o)
                0x000000001000c9c0                _read_r
 .text          0x000000001000c9e8        0xc /usr/lib/gcc/arm-none-eabi/10.3.1/../../../arm-none-eabi/lib/thumb/v6-m/nofp/libg.a(lib_a-s_nan.o)
                0x000000001000c9e8                nan
 .text          0x000000001000c9f4       0x74 /usr/lib/gcc/arm-none-eabi/10.3.1/../../../arm-none-eabi/lib/thumb/v6-m/nofp/libg.a(lib_a-strncmp.o)
                0x000000001000c9f4                strncmp
 .text          0x000000001000ca68       0x28 /usr/lib/gcc/arm-none-eabi/10.3.1/../../../arm-none-eabi/lib/thumb/v6-m/nofp/libg.a(lib_a-fstatr.o)
                0x000000001000ca68                _fstat_r
 .text          0x000000001000ca90       0x24 /usr/lib/gcc/arm-none-eabi/10.3.1/../../../arm-none-eabi/lib/thumb/v6-m/nofp/libg.a(lib_a-isattyr.o)
                0x000000001000ca90                _isatty_r
 *(.fini)
 .fini          0x000000001000cab4        0x4 /usr/lib/gcc/arm-none-eabi/10.3.1/thumb/v6-m/nofp/crti.o
                0x000000001000cab4                _fini
 .fini.__stub   0x000000001000cab8       0xe0 linker stubs
 *crtbegin.o(.ctors)
 *crtbegin?.o(.ctors)
 *(EXCLUDE_FILE(*crtend.o *crtend?.o) .ctors)
 *(SORT_BY_NAME(.ctors.*))
 *(.ctors)
 *crtbegin.o(.dtors)
 *crtbegin?.o(.dtors)
 *(EXCLUDE_FILE(*crtend.o *crtend?.o) .dtors)
 *(SORT_BY_NAME(.dtors.*))
 *(.dtors)
 *(.eh_frame*)
 .eh_frame      0x000000001000cb98        0x0 /usr/lib/gcc/arm-none-eabi/10.3.1/thumb/v6-m/nofp/crtbegin.o
                0x000000001000cb98                . = ALIGN (0x4)

.glue_7         0x000000001000cb98        0x0
 .glue_7        0x000000001000cb98        0x0 linker stubs

.glue_7t        0x000000001000cb98        0x0
 .glue_7t       0x000000001000cb98        0x0 linker stubs

.vfp11_veneer   0x000000001000cb98        0x0
 .vfp11_veneer  0x000000001000cb98        0x0 linker stubs

.v4_bx          0x000000001000cb98        0x0
 .v4_bx         0x000000001000cb98        0x0 linker stubs

.iplt           0x000000001000cb98        0x0
 .iplt          0x000000001000cb98        0x0 /usr/lib/gcc/arm-none-eabi/10.3.1/thumb/v6-m/nofp/crtbegin.o

.rodata         0x000000001000cb98     0x1d80
 *(EXCLUDE_FILE(*libm.a: *libc.a:*lib_a-mem*.o *libgcc.a:) .rodata*)
 .rodata.printVoltage.str1.4
                0x000000001000cb98        0x7 CMakeFiles/hw3.dir/src/hw3.c.obj
 *fill*         0x000000001000cb9f        0x1 
 .rodata.main.str1.4
                0x000000001000cba0       0x45 CMakeFiles/hw3.dir/src/hw3.c.obj
 *fill*         0x000000001000cbe5        0x3 
 .rodata.spin_lock_claim_unused.str1.4
                0x000000001000cbe8       0x1b CMakeFiles/hw3.dir/pico-sdk/src/rp2_common/hardware_sync/sync.c.obj
 *fill*         0x000000001000cc03        0x1 
 .rodata.make_branch.str1.4
                0x000000001000cc04       0x5c CMakeFiles/hw3.dir/pico-sdk/src/rp2_common/hardware_irq/irq.c.obj
 .rodata.insert_branch_and_link.str1.4
                0x000000001000cc60       0x10 CMakeFiles/hw3.dir/pico-sdk/src/rp2_common/hardware_irq/irq.c.obj
 .rodata.irq_set_exclusive_handler.str1.4
                0x000000001000cc70       0x36 CMakeFiles/hw3.dir/pico-sdk/src/rp2_common/hardware_irq/irq.c.obj
 *fill*         0x000000001000cca6        0x2 
 .rodata.irq_add_shared_handler.str1.4
                0x000000001000cca8       0xd9 CMakeFiles/hw3.dir/pico-sdk/src/rp2_common/hardware_irq/irq.c.obj
 *fill*         0x000000001000cd81        0x3 
 .rodata.irq_remove_handler.str1.4
                0x000000001000cd84       0x3a CMakeFiles/hw3.dir/pico-sdk/src/rp2_common/hardware_irq/irq.c.obj
 *fill*         0x000000001000cdbe        0x2 
 .rodata.irq_add_tail_to_free_list.str1.4
                0x000000001000cdc0       0x3a CMakeFiles/hw3.dir/pico-sdk/src/rp2_common/hardware_irq/irq.c.obj
 *fill*         0x000000001000cdfa        0x2 
 .rodata.user_irq_claim_unused.str1.4
                0x000000001000cdfc       0x1b CMakeFiles/hw3.dir/pico-sdk/src/rp2_common/hardware_irq/irq.c.obj
 *fill*         0x000000001000ce17        0x1 
 .rodata.__func__.0
                0x000000001000ce18       0x1a CMakeFiles/hw3.dir/pico-sdk/src/rp2_common/hardware_irq/irq.c.obj
 *fill*         0x000000001000ce32        0x2 
 .rodata.__func__.1
                0x000000001000ce34       0x17 CMakeFiles/hw3.dir/pico-sdk/src/rp2_common/hardware_irq/irq.c.obj
 *fill*         0x000000001000ce4b        0x1 
 .rodata.__func__.2
                0x000000001000ce4c       0x13 CMakeFiles/hw3.dir/pico-sdk/src/rp2_common/hardware_irq/irq.c.obj
 *fill*         0x000000001000ce5f        0x1 
 .rodata.__func__.3
                0x000000001000ce60        0xc CMakeFiles/hw3.dir/pico-sdk/src/rp2_common/hardware_irq/irq.c.obj
 .rodata.__func__.4
                0x000000001000ce6c        0xf CMakeFiles/hw3.dir/pico-sdk/src/rp2_common/hardware_irq/irq.c.obj
 *fill*         0x000000001000ce7b        0x1 
 .rodata.__func__.5
                0x000000001000ce7c       0x17 CMakeFiles/hw3.dir/pico-sdk/src/rp2_common/hardware_irq/irq.c.obj
 *fill*         0x000000001000ce93        0x1 
 .rodata.__func__.6
                0x000000001000ce94       0x1a CMakeFiles/hw3.dir/pico-sdk/src/rp2_common/hardware_irq/irq.c.obj
 *fill*         0x000000001000ceae        0x2 
 .rodata.str1.4
                0x000000001000ceb0       0xc9 CMakeFiles/hw3.dir/pico-sdk/src/common/pico_sync/mutex.c.obj
 *fill*         0x000000001000cf79        0x3 
 .rodata.__func__.1
                0x000000001000cf7c        0xb CMakeFiles/hw3.dir/pico-sdk/src/common/pico_sync/mutex.c.obj
 *fill*         0x000000001000cf87        0x1 
 .rodata.__func__.3
                0x000000001000cf88       0x18 CMakeFiles/hw3.dir/pico-sdk/src/common/pico_sync/mutex.c.obj
 .rodata.__func__.4
                0x000000001000cfa0       0x15 CMakeFiles/hw3.dir/pico-sdk/src/common/pico_sync/mutex.c.obj
 *fill*         0x000000001000cfb5        0x3 
 .rodata.repeating_timer_callback.str1.4
                0x000000001000cfb8       0x3a CMakeFiles/hw3.dir/pico-sdk/src/common/pico_time/time.c.obj
 *fill*         0x000000001000cff2        0x2 
 .rodata.timer_pool_entry_comparator.str1.4
                0x000000001000cff4       0x22 CMakeFiles/hw3.dir/pico-sdk/src/common/pico_time/time.c.obj
 *fill*         0x000000001000d016        0x2 
 .rodata.ph_add_child_node.str1.4
                0x000000001000d018       0x86 CMakeFiles/hw3.dir/pico-sdk/src/common/pico_time/time.c.obj
 *fill*         0x000000001000d09e        0x2 
 .rodata.add_alarm_under_lock.str1.4
                0x000000001000d0a0       0x28 CMakeFiles/hw3.dir/pico-sdk/src/common/pico_time/time.c.obj
                                         0x2b (size before relaxing)
 .rodata.alarm_pool_alarm_callback.str1.4
                0x000000001000d0c8       0x98 CMakeFiles/hw3.dir/pico-sdk/src/common/pico_time/time.c.obj
                                         0xe8 (size before relaxing)
 .rodata.alarm_pool_get_default.str1.4
                0x000000001000d160       0x21 CMakeFiles/hw3.dir/pico-sdk/src/common/pico_time/time.c.obj
 *fill*         0x000000001000d181        0x3 
 .rodata.alarm_pool_cancel_alarm.str1.4
                0x000000001000d184       0x27 CMakeFiles/hw3.dir/pico-sdk/src/common/pico_time/time.c.obj
 *fill*         0x000000001000d1ab        0x1 
 .rodata.sleep_until.str1.4
                0x000000001000d1ac       0x4d CMakeFiles/hw3.dir/pico-sdk/src/common/pico_time/time.c.obj
 *fill*         0x000000001000d1f9        0x3 
 .rodata.__func__.1
                0x000000001000d1fc       0x18 CMakeFiles/hw3.dir/pico-sdk/src/common/pico_time/time.c.obj
 .rodata.__func__.10
                0x000000001000d214       0x15 CMakeFiles/hw3.dir/pico-sdk/src/common/pico_time/time.c.obj
 *fill*         0x000000001000d229        0x3 
 .rodata.__func__.11
                0x000000001000d22c       0x1a CMakeFiles/hw3.dir/pico-sdk/src/common/pico_time/time.c.obj
 *fill*         0x000000001000d246        0x2 
 .rodata.__func__.12
                0x000000001000d248        0xa CMakeFiles/hw3.dir/pico-sdk/src/common/pico_time/time.c.obj
 *fill*         0x000000001000d252        0x2 
 .rodata.__func__.3
                0x000000001000d254       0x17 CMakeFiles/hw3.dir/pico-sdk/src/common/pico_time/time.c.obj
 *fill*         0x000000001000d26b        0x1 
 .rodata.__func__.4
                0x000000001000d26c       0x12 CMakeFiles/hw3.dir/pico-sdk/src/common/pico_time/time.c.obj
 *fill*         0x000000001000d27e        0x2 
 .rodata.__func__.5
                0x000000001000d280        0xd CMakeFiles/hw3.dir/pico-sdk/src/common/pico_time/time.c.obj
 *fill*         0x000000001000d28d        0x3 
 .rodata.__func__.6
                0x000000001000d290       0x12 CMakeFiles/hw3.dir/pico-sdk/src/common/pico_time/time.c.obj
 *fill*         0x000000001000d2a2        0x2 
 .rodata.__func__.7
                0x000000001000d2a4        0xf CMakeFiles/hw3.dir/pico-sdk/src/common/pico_time/time.c.obj
 *fill*         0x000000001000d2b3        0x1 
 .rodata.__func__.8
                0x000000001000d2b4        0xc CMakeFiles/hw3.dir/pico-sdk/src/common/pico_time/time.c.obj
 .rodata.__func__.9
                0x000000001000d2c0       0x15 CMakeFiles/hw3.dir/pico-sdk/src/common/pico_time/time.c.obj
 *fill*         0x000000001000d2d5        0x3 
 .rodata.at_the_end_of_time
                0x000000001000d2d8        0x8 CMakeFiles/hw3.dir/pico-sdk/src/common/pico_time/time.c.obj
                0x000000001000d2d8                at_the_end_of_time
 .rodata.hardware_alarm_claim.str1.4
                0x000000001000d2e0       0x22 CMakeFiles/hw3.dir/pico-sdk/src/rp2_common/hardware_timer/timer.c.obj
 .rodata.busy_wait_us.str1.4
                0x000000001000d302       0x50 CMakeFiles/hw3.dir/pico-sdk/src/rp2_common/hardware_timer/timer.c.obj
 *fill*         0x000000001000d302        0x2 
 .rodata.hardware_alarm_set_target.str1.4
                0x000000001000d304       0x54 CMakeFiles/hw3.dir/pico-sdk/src/rp2_common/hardware_timer/timer.c.obj
 .rodata.__func__.0
                0x000000001000d358       0x1a CMakeFiles/hw3.dir/pico-sdk/src/rp2_common/hardware_timer/timer.c.obj
 *fill*         0x000000001000d372        0x2 
 .rodata.__func__.1
                0x000000001000d374       0x15 CMakeFiles/hw3.dir/pico-sdk/src/rp2_common/hardware_timer/timer.c.obj
 .rodata.ph_add_child_node.str1.4
                0x000000001000d389       0x86 CMakeFiles/hw3.dir/pico-sdk/src/common/pico_util/pheap.c.obj
 *fill*         0x000000001000d389        0x3 
 .rodata.ph_remove_any_head.str1.4
                0x000000001000d38c       0x7c CMakeFiles/hw3.dir/pico-sdk/src/common/pico_util/pheap.c.obj
                                         0x90 (size before relaxing)
 .rodata.ph_remove_and_free_node.str1.4
                0x000000001000d408       0x1e CMakeFiles/hw3.dir/pico-sdk/src/common/pico_util/pheap.c.obj
                                         0x26 (size before relaxing)
 *fill*         0x000000001000d426        0x2 
 .rodata.__func__.0
                0x000000001000d428       0x18 CMakeFiles/hw3.dir/pico-sdk/src/common/pico_util/pheap.c.obj
 .rodata.__func__.1
                0x000000001000d440       0x13 CMakeFiles/hw3.dir/pico-sdk/src/common/pico_util/pheap.c.obj
 *fill*         0x000000001000d453        0x1 
 .rodata.__func__.2
                0x000000001000d454       0x12 CMakeFiles/hw3.dir/pico-sdk/src/common/pico_util/pheap.c.obj
 *fill*         0x000000001000d466        0x2 
 .rodata.__func__.3
                0x000000001000d468        0xc CMakeFiles/hw3.dir/pico-sdk/src/common/pico_util/pheap.c.obj
 .rodata.clock_configure.str1.4
                0x000000001000d474       0x46 CMakeFiles/hw3.dir/pico-sdk/src/rp2_common/hardware_clocks/clocks.c.obj
 *fill*         0x000000001000d4ba        0x2 
 .rodata.__func__.1
                0x000000001000d4bc       0x10 CMakeFiles/hw3.dir/pico-sdk/src/rp2_common/hardware_clocks/clocks.c.obj
 .rodata.pll_init.str1.4
                0x000000001000d4cc      0x110 CMakeFiles/hw3.dir/pico-sdk/src/rp2_common/hardware_pll/pll.c.obj
 .rodata.__func__.0
                0x000000001000d5dc        0x9 CMakeFiles/hw3.dir/pico-sdk/src/rp2_common/hardware_pll/pll.c.obj
 *fill*         0x000000001000d5e5        0x3 
 .rodata.__assert_func.str1.4
                0x000000001000d5e8       0x3f CMakeFiles/hw3.dir/pico-sdk/src/rp2_common/pico_runtime/runtime.c.obj
                                         0x43 (size before relaxing)
 *fill*         0x000000001000d627        0x1 
 .rodata.runtime_init.str1.4
                0x000000001000d628       0x50 CMakeFiles/hw3.dir/pico-sdk/src/rp2_common/pico_runtime/runtime.c.obj
 .rodata.panic.str1.4
                0x000000001000d678       0x12 CMakeFiles/hw3.dir/pico-sdk/src/rp2_common/pico_runtime/runtime.c.obj
 *fill*         0x000000001000d68a        0x2 
 .rodata.__func__.2
                0x000000001000d68c        0xd CMakeFiles/hw3.dir/pico-sdk/src/rp2_common/pico_runtime/runtime.c.obj
 *fill*         0x000000001000d699        0x3 
 .rodata._ftoa.str1.4
                0x000000001000d69c       0x15 CMakeFiles/hw3.dir/pico-sdk/src/rp2_common/pico_printf/printf.c.obj
 *fill*         0x000000001000d6b1        0x3 
 .rodata._vsnprintf
                0x000000001000d6b4      0x1e0 CMakeFiles/hw3.dir/pico-sdk/src/rp2_common/pico_printf/printf.c.obj
 *fill*         0x000000001000d894        0x4 
 .rodata.pow10.0
                0x000000001000d898       0x50 CMakeFiles/hw3.dir/pico-sdk/src/rp2_common/pico_printf/printf.c.obj
 .rodata.__aeabi_double_init.str1.4
                0x000000001000d8e8       0x8b CMakeFiles/hw3.dir/pico-sdk/src/rp2_common/pico_double/double_init_rom.c.obj
 *fill*         0x000000001000d973        0x1 
 .rodata.__func__.0
                0x000000001000d974       0x14 CMakeFiles/hw3.dir/pico-sdk/src/rp2_common/pico_double/double_init_rom.c.obj
 .rodata.__aeabi_float_init.str1.4
                0x000000001000d988       0x69 CMakeFiles/hw3.dir/pico-sdk/src/rp2_common/pico_float/float_init_rom.c.obj
                                         0x6d (size before relaxing)
 *fill*         0x000000001000d9f1        0x3 
 .rodata.__func__.0
                0x000000001000d9f4       0x13 CMakeFiles/hw3.dir/pico-sdk/src/rp2_common/pico_float/float_init_rom.c.obj
 *fill*         0x000000001000da07        0x1 
 .rodata.str1.4
                0x000000001000da08       0x38 CMakeFiles/hw3.dir/pico-sdk/src/rp2_common/pico_standard_link/binary_info.c.obj
 .rodata.__bi_44
                0x000000001000da40        0xc CMakeFiles/hw3.dir/pico-sdk/src/rp2_common/pico_standard_link/binary_info.c.obj
 .rodata.__bi_75
                0x000000001000da4c        0xc CMakeFiles/hw3.dir/pico-sdk/src/rp2_common/pico_standard_link/binary_info.c.obj
 .rodata.__bi_81
                0x000000001000da58        0xc CMakeFiles/hw3.dir/pico-sdk/src/rp2_common/pico_standard_link/binary_info.c.obj
 .rodata.stdout_serialize_begin.str1.4
                0x000000001000da64       0x50 CMakeFiles/hw3.dir/pico-sdk/src/rp2_common/pico_stdio/stdio.c.obj
 .rodata.__func__.3
                0x000000001000da64       0x15 CMakeFiles/hw3.dir/pico-sdk/src/rp2_common/pico_stdio/stdio.c.obj
 *fill*         0x000000001000da79        0x3 
 .rodata.crlf_str.2
                0x000000001000da7c        0x2 CMakeFiles/hw3.dir/pico-sdk/src/rp2_common/pico_stdio/stdio.c.obj
 *fill*         0x000000001000da7e        0x2 
 .rodata._resetd_driver
                0x000000001000da80       0x18 CMakeFiles/hw3.dir/pico-sdk/src/rp2_common/pico_stdio_usb/reset_interface.c.obj
 .rodata.low_priority_worker_irq.str1.4
                0x000000001000da98       0x50 CMakeFiles/hw3.dir/pico-sdk/src/rp2_common/pico_stdio_usb/stdio_usb.c.obj
 .rodata.stdio_usb_init.str1.4
                0x000000001000da98       0x34 CMakeFiles/hw3.dir/pico-sdk/src/rp2_common/pico_stdio_usb/stdio_usb.c.obj
                                         0x3c (size before relaxing)
 .rodata.str1.4
                0x000000001000dacc       0x13 CMakeFiles/hw3.dir/pico-sdk/src/rp2_common/pico_stdio_usb/stdio_usb.c.obj
 *fill*         0x000000001000dadf        0x1 
 .rodata.__bi_182.0
                0x000000001000dae0        0xc CMakeFiles/hw3.dir/pico-sdk/src/rp2_common/pico_stdio_usb/stdio_usb.c.obj
 .rodata.__func__.1
                0x000000001000daec        0xf CMakeFiles/hw3.dir/pico-sdk/src/rp2_common/pico_stdio_usb/stdio_usb.c.obj
 *fill*         0x000000001000dafb        0x1 
 .rodata.__func__.3
                0x000000001000dafc       0x15 CMakeFiles/hw3.dir/pico-sdk/src/rp2_common/pico_stdio_usb/stdio_usb.c.obj
 *fill*         0x000000001000db11        0x3 
 .rodata.str1.4
                0x000000001000db14       0x2a CMakeFiles/hw3.dir/pico-sdk/src/rp2_common/pico_stdio_usb/stdio_usb_descriptors.c.obj
 *fill*         0x000000001000db3e        0x2 
 .rodata.usbd_desc_cfg
                0x000000001000db40       0x54 CMakeFiles/hw3.dir/pico-sdk/src/rp2_common/pico_stdio_usb/stdio_usb_descriptors.c.obj
 .rodata.usbd_desc_device
                0x000000001000db94       0x12 CMakeFiles/hw3.dir/pico-sdk/src/rp2_common/pico_stdio_usb/stdio_usb_descriptors.c.obj
 *fill*         0x000000001000dba6        0x2 
 .rodata.usbd_desc_str
                0x000000001000dba8       0x18 CMakeFiles/hw3.dir/pico-sdk/src/rp2_common/pico_stdio_usb/stdio_usb_descriptors.c.obj
 .rodata.pico_get_unique_board_id_string.str1.4
                0x000000001000dbc0       0x3c CMakeFiles/hw3.dir/pico-sdk/src/rp2_common/pico_unique_id/unique_id.c.obj
 .rodata.__func__.0
                0x000000001000dbfc       0x20 CMakeFiles/hw3.dir/pico-sdk/src/rp2_common/pico_unique_id/unique_id.c.obj
 .rodata.str1.4
                0x000000001000dc1c      0x146 CMakeFiles/hw3.dir/pico-sdk/src/rp2_common/hardware_flash/flash.c.obj
 *fill*         0x000000001000dd62        0x2 
 .rodata.__func__.0
                0x000000001000dd64        0xd CMakeFiles/hw3.dir/pico-sdk/src/rp2_common/hardware_flash/flash.c.obj
 *fill*         0x000000001000dd71        0x3 
 .rodata._hw_endpoint_alloc.str1.4
                0x000000001000dd74       0xa5 CMakeFiles/hw3.dir/pico-sdk/lib/tinyusb/src/portable/raspberrypi/rp2040/dcd_rp2040.c.obj
 *fill*         0x000000001000de19        0x3 
 .rodata.str1.4
                0x000000001000de1c       0x14 CMakeFiles/hw3.dir/pico-sdk/lib/tinyusb/src/portable/raspberrypi/rp2040/dcd_rp2040.c.obj
 .rodata.dcd_int_enable.str1.4
                0x000000001000de30        0xc CMakeFiles/hw3.dir/pico-sdk/lib/tinyusb/src/portable/raspberrypi/rp2040/dcd_rp2040.c.obj
 .rodata.__func__.0
                0x000000001000de3c        0xe CMakeFiles/hw3.dir/pico-sdk/lib/tinyusb/src/portable/raspberrypi/rp2040/dcd_rp2040.c.obj
 *fill*         0x000000001000de4a        0x2 
 .rodata.__func__.1
                0x000000001000de4c        0xe CMakeFiles/hw3.dir/pico-sdk/lib/tinyusb/src/portable/raspberrypi/rp2040/dcd_rp2040.c.obj
 *fill*         0x000000001000de5a        0x2 
 .rodata.__func__.3
                0x000000001000de5c       0x10 CMakeFiles/hw3.dir/pico-sdk/lib/tinyusb/src/portable/raspberrypi/rp2040/dcd_rp2040.c.obj
 .rodata.__func__.5
                0x000000001000de6c        0xf CMakeFiles/hw3.dir/pico-sdk/lib/tinyusb/src/portable/raspberrypi/rp2040/dcd_rp2040.c.obj
 *fill*         0x000000001000de7b        0x1 
 .rodata.__func__.6
                0x000000001000de7c       0x13 CMakeFiles/hw3.dir/pico-sdk/lib/tinyusb/src/portable/raspberrypi/rp2040/dcd_rp2040.c.obj
 *fill*         0x000000001000de8f        0x1 
 .rodata.__func__.7
                0x000000001000de90        0x9 CMakeFiles/hw3.dir/pico-sdk/lib/tinyusb/src/portable/raspberrypi/rp2040/dcd_rp2040.c.obj
 *fill*         0x000000001000de99        0x3 
 .rodata.str1.4
                0x000000001000de9c       0xd7 CMakeFiles/hw3.dir/pico-sdk/lib/tinyusb/src/portable/raspberrypi/rp2040/rp2040_usb.c.obj
 *fill*         0x000000001000df73        0x1 
 .rodata.__func__.0
                0x000000001000df74        0xf CMakeFiles/hw3.dir/pico-sdk/lib/tinyusb/src/portable/raspberrypi/rp2040/rp2040_usb.c.obj
 *fill*         0x000000001000df83        0x1 
 .rodata.process_get_descriptor
                0x000000001000df84       0x40 CMakeFiles/hw3.dir/pico-sdk/lib/tinyusb/src/device/usbd.c.obj
 .rodata.process_control_request
                0x000000001000dfc4       0x28 CMakeFiles/hw3.dir/pico-sdk/lib/tinyusb/src/device/usbd.c.obj
 .rodata.tud_task_ext
                0x000000001000dfec       0x24 CMakeFiles/hw3.dir/pico-sdk/lib/tinyusb/src/device/usbd.c.obj
 .rodata._usbd_driver
                0x000000001000e010       0x18 CMakeFiles/hw3.dir/pico-sdk/lib/tinyusb/src/device/usbd.c.obj
 .rodata        0x000000001000e028        0x4 /usr/lib/gcc/arm-none-eabi/10.3.1/../../../arm-none-eabi/lib/thumb/v6-m/nofp/libg.a(lib_a-impure.o)
                0x000000001000e028                _global_impure_ptr
 .rodata.str1.4
                0x000000001000e02c        0x5 /usr/lib/gcc/arm-none-eabi/10.3.1/../../../arm-none-eabi/lib/thumb/v6-m/nofp/libg.a(lib_a-vfscanf.o)
                                          0x9 (size before relaxing)
 *fill*         0x000000001000e031        0x3 
 .rodata        0x000000001000e034      0x3e6 /usr/lib/gcc/arm-none-eabi/10.3.1/../../../arm-none-eabi/lib/thumb/v6-m/nofp/libg.a(lib_a-vfscanf.o)
 *fill*         0x000000001000e41a        0x2 
 .rodata        0x000000001000e41c      0x101 /usr/lib/gcc/arm-none-eabi/10.3.1/../../../arm-none-eabi/lib/thumb/v6-m/nofp/libg.a(lib_a-ctype_.o)
                0x000000001000e41c                _ctype_
 *fill*         0x000000001000e51d        0x3 
 .rodata.str1.4
                0x000000001000e520        0xa /usr/lib/gcc/arm-none-eabi/10.3.1/../../../arm-none-eabi/lib/thumb/v6-m/nofp/libg.a(lib_a-locale.o)
                                         0x12 (size before relaxing)
 .rodata.str1.4
                0x000000001000e52a        0x1 /usr/lib/gcc/arm-none-eabi/10.3.1/../../../arm-none-eabi/lib/thumb/v6-m/nofp/libg.a(lib_a-mbrtowc.o)
 *fill*         0x000000001000e52a        0x2 
 .rodata.str1.4
                0x000000001000e52c        0xf /usr/lib/gcc/arm-none-eabi/10.3.1/../../../arm-none-eabi/lib/thumb/v6-m/nofp/libg.a(lib_a-strtod.o)
                                         0x11 (size before relaxing)
 *fill*         0x000000001000e53b        0x5 
 .rodata        0x000000001000e540      0x120 /usr/lib/gcc/arm-none-eabi/10.3.1/../../../arm-none-eabi/lib/thumb/v6-m/nofp/libg.a(lib_a-strtod.o)
 .rodata.str1.4
                0x000000001000e660       0x4e /usr/lib/gcc/arm-none-eabi/10.3.1/../../../arm-none-eabi/lib/thumb/v6-m/nofp/libg.a(lib_a-gdtoa-gethex.o)
 *fill*         0x000000001000e6ae        0x2 
 .rodata        0x000000001000e6b0      0x100 /usr/lib/gcc/arm-none-eabi/10.3.1/../../../arm-none-eabi/lib/thumb/v6-m/nofp/libg.a(lib_a-gdtoa-gethex.o)